Archive member included to satisfy reference by file (symbol)

/usr/lib/x86_64-linux-gnu/libc_nonshared.a(elf-init.oS)
                              /usr/lib/gcc/x86_64-linux-gnu/5/../../../x86_64-linux-gnu/crt1.o (__libc_csu_init)

As-needed library included to satisfy reference by file (symbol)

libc.so.6                     build/atiny_socket.o (socket@@GLIBC_2.2.5)
libpthread.so.0               build/agent_tiny_demo.o (pthread_create@@GLIBC_2.2.5)

Discarded input sections

 .rodata.cst4   0x0000000000000000        0x4 /usr/lib/gcc/x86_64-linux-gnu/5/../../../x86_64-linux-gnu/crt1.o
 .data          0x0000000000000000        0x4 /usr/lib/gcc/x86_64-linux-gnu/5/../../../x86_64-linux-gnu/crt1.o
 .bss           0x0000000000000000        0x0 /usr/lib/gcc/x86_64-linux-gnu/5/../../../x86_64-linux-gnu/crt1.o
 .note.GNU-stack
                0x0000000000000000        0x0 /usr/lib/gcc/x86_64-linux-gnu/5/../../../x86_64-linux-gnu/crt1.o
 .text          0x0000000000000000        0x0 /usr/lib/gcc/x86_64-linux-gnu/5/../../../x86_64-linux-gnu/crti.o
 .data          0x0000000000000000        0x0 /usr/lib/gcc/x86_64-linux-gnu/5/../../../x86_64-linux-gnu/crti.o
 .bss           0x0000000000000000        0x0 /usr/lib/gcc/x86_64-linux-gnu/5/../../../x86_64-linux-gnu/crti.o
 .note.GNU-stack
                0x0000000000000000        0x0 /usr/lib/gcc/x86_64-linux-gnu/5/../../../x86_64-linux-gnu/crti.o
 .data          0x0000000000000000        0x8 /usr/lib/gcc/x86_64-linux-gnu/5/crtbegin.o
 .text.unlikely
                0x0000000000000000        0x0 /usr/lib/gcc/x86_64-linux-gnu/5/crtbegin.o
 .note.GNU-stack
                0x0000000000000000        0x0 /usr/lib/gcc/x86_64-linux-gnu/5/crtbegin.o
 .text          0x0000000000000000        0x0 build/er-coap-13.o
 .data          0x0000000000000000        0x0 build/er-coap-13.o
 .bss           0x0000000000000000        0x0 build/er-coap-13.o
 .text.coap_get_variable
                0x0000000000000000       0xaa build/er-coap-13.o
 .text.coap_get_mid
                0x0000000000000000       0x12 build/er-coap-13.o
 .text.coap_get_query_variable
                0x0000000000000000        0x6 build/er-coap-13.o
 .text.coap_get_post_variable
                0x0000000000000000       0x32 build/er-coap-13.o
 .text.coap_get_header_content_type
                0x0000000000000000       0x10 build/er-coap-13.o
 .text.coap_get_header_accept
                0x0000000000000000       0x1e build/er-coap-13.o
 .text.coap_set_header_accept
                0x0000000000000000       0x2b build/er-coap-13.o
 .text.coap_get_header_max_age
                0x0000000000000000       0x19 build/er-coap-13.o
 .text.coap_set_header_max_age
                0x0000000000000000        0xd build/er-coap-13.o
 .text.coap_get_header_etag
                0x0000000000000000       0x18 build/er-coap-13.o
 .text.coap_set_header_etag
                0x0000000000000000       0x28 build/er-coap-13.o
 .text.coap_get_header_if_match
                0x0000000000000000       0x1e build/er-coap-13.o
 .text.coap_set_header_if_match
                0x0000000000000000       0x31 build/er-coap-13.o
 .text.coap_get_header_if_none_match
                0x0000000000000000        0xb build/er-coap-13.o
 .text.coap_set_header_if_none_match
                0x0000000000000000        0xa build/er-coap-13.o
 .text.coap_get_header_proxy_uri
                0x0000000000000000       0x17 build/er-coap-13.o
 .text.coap_set_header_proxy_uri
                0x0000000000000000       0x2b build/er-coap-13.o
 .text.coap_get_header_uri_host
                0x0000000000000000       0x17 build/er-coap-13.o
 .text.coap_set_header_uri_host
                0x0000000000000000       0x2b build/er-coap-13.o
 .text.coap_get_header_uri_path
                0x0000000000000000       0x13 build/er-coap-13.o
 .text.coap_get_header_uri_query
                0x0000000000000000       0x13 build/er-coap-13.o
 .text.coap_get_header_location_path
                0x0000000000000000       0x13 build/er-coap-13.o
 .text.coap_get_header_location_query
                0x0000000000000000       0x17 build/er-coap-13.o
 .text.coap_set_header_location_query
                0x0000000000000000       0x36 build/er-coap-13.o
 .text.coap_get_header_size
                0x0000000000000000       0x1a build/er-coap-13.o
 .text.coap_set_header_size
                0x0000000000000000       0x10 build/er-coap-13.o
 .text.coap_get_payload
                0x0000000000000000       0x24 build/er-coap-13.o
 .bss.coap_error_code
                0x0000000000000000        0x4 build/er-coap-13.o
 .bss.current_mid
                0x0000000000000000        0x2 build/er-coap-13.o
 .note.GNU-stack
                0x0000000000000000        0x0 build/er-coap-13.o
 .text          0x0000000000000000        0x0 build/packet.o
 .data          0x0000000000000000        0x0 build/packet.o
 .bss           0x0000000000000000        0x0 build/packet.o
 .note.GNU-stack
[...]
Memory Configuration

Name             Origin             Length             Attributes
*default*        0x0000000000000000 0xffffffffffffffff

Linker script and memory map

LOAD /usr/lib/gcc/x86_64-linux-gnu/5/../../../x86_64-linux-gnu/crt1.o
LOAD /usr/lib/gcc/x86_64-linux-gnu/5/../../../x86_64-linux-gnu/crti.o
LOAD /usr/lib/gcc/x86_64-linux-gnu/5/crtbegin.o
LOAD build/er-coap-13.o
LOAD build/packet.o
LOAD build/management.o
LOAD build/observe.o
LOAD build/objects.o
LOAD build/tlv.o
LOAD build/registration.o
LOAD build/list.o
LOAD build/discover.o
LOAD build/liblwm2m.o
LOAD build/bootstrap.o
LOAD build/uri.o
LOAD build/json.o
LOAD build/block1.o
LOAD build/transaction.o
LOAD build/data.o
LOAD build/utils.o
LOAD build/commandline.o
LOAD build/atiny_adapter.o
LOAD build/atiny_socket.o
LOAD build/object_device.o
LOAD build/object_location.o
LOAD build/connection.o
LOAD build/object_security.o
LOAD build/object_server.o
LOAD build/atiny_log.o
LOAD build/object_binary_app_data_container.o
LOAD build/agenttiny.o
LOAD build/atiny_rpt.o
LOAD build/object_access_control.o
LOAD build/object_firmware.o
LOAD build/object_connectivity_stat.o
LOAD build/object_connectivity_moni.o
LOAD build/platform_adapter.o
LOAD build/agent_tiny_cmd_ioctl.o
LOAD build/agent_tiny_demo.o
LOAD build/main.o
LOAD /usr/lib/gcc/x86_64-linux-gnu/5/../../../x86_64-linux-gnu/libc.so
START GROUP
LOAD /lib/x86_64-linux-gnu/libc.so.6
LOAD /usr/lib/x86_64-linux-gnu/libc_nonshared.a
LOAD /lib/x86_64-linux-gnu/ld-linux-x86-64.so.2
END GROUP
LOAD /usr/lib/gcc/x86_64-linux-gnu/5/../../../x86_64-linux-gnu/libm.so
START GROUP
LOAD /lib/x86_64-linux-gnu/libm.so.6
LOAD /usr/lib/x86_64-linux-gnu/libmvec_nonshared.a
LOAD /lib/x86_64-linux-gnu/libmvec.so.1
END GROUP
LOAD /usr/lib/gcc/x86_64-linux-gnu/5/../../../x86_64-linux-gnu/libpthread.so
START GROUP
LOAD /lib/x86_64-linux-gnu/libpthread.so.0
LOAD /usr/lib/x86_64-linux-gnu/libpthread_nonshared.a
END GROUP
LOAD /usr/lib/gcc/x86_64-linux-gnu/5/libgcc.a
LOAD /usr/lib/gcc/x86_64-linux-gnu/5/libgcc_s.so
LOAD /usr/lib/gcc/x86_64-linux-gnu/5/../../../x86_64-linux-gnu/libc.so
START GROUP
LOAD /lib/x86_64-linux-gnu/libc.so.6
LOAD /usr/lib/x86_64-linux-gnu/libc_nonshared.a
LOAD /lib/x86_64-linux-gnu/ld-linux-x86-64.so.2
END GROUP
LOAD /usr/lib/gcc/x86_64-linux-gnu/5/libgcc.a
LOAD /usr/lib/gcc/x86_64-linux-gnu/5/libgcc_s.so
LOAD /usr/lib/gcc/x86_64-linux-gnu/5/crtend.o
LOAD /usr/lib/gcc/x86_64-linux-gnu/5/../../../x86_64-linux-gnu/crtn.o
                [!provide]                        PROVIDE (__executable_start, 0x400000)
                0x0000000000400238                . = (0x400000 + SIZEOF_HEADERS)

.interp         0x0000000000400238       0x1c
 *(.interp)
 .interp        0x0000000000400238       0x1c /usr/lib/gcc/x86_64-linux-gnu/5/../../../x86_64-linux-gnu/crt1.o

.note.ABI-tag   0x0000000000400254       0x20
 .note.ABI-tag  0x0000000000400254       0x20 /usr/lib/gcc/x86_64-linux-gnu/5/../../../x86_64-linux-gnu/crt1.o

.note.gnu.build-id
                0x0000000000400274       0x24
 *(.note.gnu.build-id)
 .note.gnu.build-id
                0x0000000000400274       0x24 /usr/lib/gcc/x86_64-linux-gnu/5/../../../x86_64-linux-gnu/crt1.o

.hash
 *(.hash)

.gnu.hash       0x0000000000400298       0x28
 *(.gnu.hash)
 .gnu.hash      0x0000000000400298       0x28 /usr/lib/gcc/x86_64-linux-gnu/5/../../../x86_64-linux-gnu/crt1.o

.dynsym         0x00000000004002c0      0x438
 *(.dynsym)
 .dynsym        0x00000000004002c0      0x438 /usr/lib/gcc/x86_64-linux-gnu/5/../../../x86_64-linux-gnu/crt1.o

.dynstr         0x00000000004006f8      0x24d
 *(.dynstr)
 .dynstr        0x00000000004006f8      0x24d /usr/lib/gcc/x86_64-linux-gnu/5/../../../x86_64-linux-gnu/crt1.o

.gnu.version    0x0000000000400946       0x5a
 *(.gnu.version)
 .gnu.version   0x0000000000400946       0x5a /usr/lib/gcc/x86_64-linux-gnu/5/../../../x86_64-linux-gnu/crt1.o

.gnu.version_d  0x00000000004009a0        0x0
 *(.gnu.version_d)
 .gnu.version_d
                0x00000000004009a0        0x0 /usr/lib/gcc/x86_64-linux-gnu/5/../../../x86_64-linux-gnu/crt1.o

.gnu.version_r  0x00000000004009a0       0x80
 *(.gnu.version_r)
 .gnu.version_r
                0x00000000004009a0       0x80 /usr/lib/gcc/x86_64-linux-gnu/5/../../../x86_64-linux-gnu/crt1.o

.rela.dyn       0x0000000000400a20       0x48
 *(.rela.init)
 *(.rela.text .rela.text.* .rela.gnu.linkonce.t.*)
 .rela.text     0x0000000000400a20        0x0 /usr/lib/gcc/x86_64-linux-gnu/5/../../../x86_64-linux-gnu/crt1.o
 .rela.text.coap_serialize_array_option
                0x0000000000400a20        0x0 /usr/lib/gcc/x86_64-linux-gnu/5/../../../x86_64-linux-gnu/crt1.o
 .rela.text.coap_serialize_multi_option
                0x0000000000400a20        0x0 /usr/lib/gcc/x86_64-linux-gnu/5/../../../x86_64-linux-gnu/crt1.o
 .rela.text.coap_merge_multi_option
                0x0000000000400a20        0x0 /usr/lib/gcc/x86_64-linux-gnu/5/../../../x86_64-linux-gnu/crt1.o
 .rela.text.coap_get_variable
                0x0000000000400a20        0x0 /usr/lib/gcc/x86_64-linux-gnu/5/../../../x86_64-linux-gnu/crt1.o
 .rela.text.coap_add_multi_option
                0x0000000000400a20        0x0 /usr/lib/gcc/x86_64-linux-gnu/5/../../../x86_64-linux-gnu/crt1.o
 .rela.text.free_multi_option
                0x0000000000400a20        0x0 /usr/lib/gcc/x86_64-linux-gnu/5/../../../x86_64-linux-gnu/crt1.o
 .rela.text.coap_get_multi_option_as_string
                0x0000000000400a20        0x0 /usr/lib/gcc/x86_64-linux-gnu/5/../../../x86_64-linux-gnu/crt1.o
 .rela.text.coap_serialize_message
                0x0000000000400a20        0x0 /usr/lib/gcc/x86_64-linux-gnu/5/../../../x86_64-linux-gnu/crt1.o
 .rela.text.coap_parse_message
                0x0000000000400a20        0x0 /usr/lib/gcc/x86_64-linux-gnu/5/../../../x86_64-linux-gnu/crt1.o
 .rela.text.coap_set_header_etag
                0x0000000000400a20        0x0 /usr/lib/gcc/x86_64-linux-gnu/5/../../../x86_64-linux-gnu/crt1.o
 .rela.text.coap_set_header_if_match
                0x0000000000400a20        0x0 /usr/lib/gcc/x86_64-linux-gnu/5/../../../x86_64-linux-gnu/crt1.o
 .rela.text.coap_set_header_token
                0x0000000000400a20        0x0 /usr/lib/gcc/x86_64-linux-gnu/5/../../../x86_64-linux-gnu/crt1.o
 .rela.text.handle_request
                0x0000000000400a20        0x0 /usr/lib/gcc/x86_64-linux-gnu/5/../../../x86_64-linux-gnu/crt1.o
 .rela.text.handle_reset
                0x0000000000400a20        0x0 /usr/lib/gcc/x86_64-linux-gnu/5/../../../x86_64-linux-gnu/crt1.o
 .rela.text.message_send
                0x0000000000400a20        0x0 /usr/lib/gcc/x86_64-linux-gnu/5/../../../x86_64-linux-gnu/crt1.o
 .rela.text.lwm2m_handle_packet
                0x0000000000400a20        0x0 /usr/lib/gcc/x86_64-linux-gnu/5/../../../x86_64-linux-gnu/crt1.o
 .rela.text.prv_readAttributes
                0x0000000000400a20        0x0 /usr/lib/gcc/x86_64-linux-gnu/5/../../../x86_64-linux-gnu/crt1.o
 .rela.text.dm_handleRequest
                0x0000000000400a20        0x0 /usr/lib/gcc/x86_64-linux-gnu/5/../../../x86_64-linux-gnu/crt1.o
 .rela.text.prv_getWatcher
                0x0000000000400a20        0x0 /usr/lib/gcc/x86_64-linux-gnu/5/../../../x86_64-linux-gnu/crt1.o
 .rela.text.observe_cancel
                0x0000000000400a20        0x0 /usr/lib/gcc/x86_64-linux-gnu/5/../../../x86_64-linux-gnu/crt1.o
 .rela.text.observe_handleRequest
                0x0000000000400a20        0x0 /usr/lib/gcc/x86_64-linux-gnu/5/../../../x86_64-linux-gnu/crt1.o
 .rela.text.observe_clear
                0x0000000000400a20        0x0 /usr/lib/gcc/x86_64-linux-gnu/5/../../../x86_64-linux-gnu/crt1.o
 .rela.text.observe_setParameters
                0x0000000000400a20        0x0 /usr/lib/gcc/x86_64-linux-gnu/5/../../../x86_64-linux-gnu/crt1.o
 .rela.text.observe_send_transaction
                0x0000000000400a20        0x0 /usr/lib/gcc/x86_64-linux-gnu/5/../../../x86_64-linux-gnu/crt1.o
 .rela.text.observe_app_step
                0x0000000000400a20        0x0 /usr/lib/gcc/x86_64-linux-gnu/5/../../../x86_64-linux-gnu/crt1.o
 .rela.text.observe_step
                0x0000000000400a20        0x0 /usr/lib/gcc/x86_64-linux-gnu/5/../../../x86_64-linux-gnu/crt1.o
 .rela.text.lwm2m_send_notify
                0x0000000000400a20        0x0 /usr/lib/gcc/x86_64-linux-gnu/5/../../../x86_64-linux-gnu/crt1.o
 .rela.text.prv_init_forbidden
                0x0000000000400a20        0x0 /usr/lib/gcc/x86_64-linux-gnu/5/../../../x86_64-linux-gnu/crt1.o
 .rela.text.prv_getObjectTemplate
                0x0000000000400a20        0x0 /usr/lib/gcc/x86_64-linux-gnu/5/../../../x86_64-linux-gnu/crt1.o
 .rela.text.prv_findServerInstance
                0x0000000000400a20        0x0 /usr/lib/gcc/x86_64-linux-gnu/5/../../../x86_64-linux-gnu/crt1.o
 .rela.text.prv_getMandatoryInfo
                0x0000000000400a20        0x0 /usr/lib/gcc/x86_64-linux-gnu/5/../../../x86_64-linux-gnu/crt1.o
 .rela.text.object_checkReadable
                0x0000000000400a20        0x0 /usr/lib/gcc/x86_64-linux-gnu/5/../../../x86_64-linux-gnu/crt1.o
 .rela.text.object_checkNumeric
                0x0000000000400a20        0x0 /usr/lib/gcc/x86_64-linux-gnu/5/../../../x86_64-linux-gnu/crt1.o
 .rela.text.object_readData
                0x0000000000400a20        0x0 /usr/lib/gcc/x86_64-linux-gnu/5/../../../x86_64-linux-gnu/crt1.o
 .rela.text.object_read
                0x0000000000400a20        0x0 /usr/lib/gcc/x86_64-linux-gnu/5/../../../x86_64-linux-gnu/crt1.o
 .rela.text.object_write
                0x0000000000400a20        0x0 /usr/lib/gcc/x86_64-linux-gnu/5/../../../x86_64-linux-gnu/crt1.o
 .rela.text.object_execute
                0x0000000000400a20        0x0 /usr/lib/gcc/x86_64-linux-gnu/5/../../../x86_64-linux-gnu/crt1.o
 .rela.text.object_create
                0x0000000000400a20        0x0 /usr/lib/gcc/x86_64-linux-gnu/5/../../../x86_64-linux-gnu/crt1.o
 .rela.text.object_delete
                0x0000000000400a20        0x0 /usr/lib/gcc/x86_64-linux-gnu/5/../../../x86_64-linux-gnu/crt1.o
 .rela.text.object_discover
                0x0000000000400a20        0x0 /usr/lib/gcc/x86_64-linux-gnu/5/../../../x86_64-linux-gnu/crt1.o
 .rela.text.object_isInstanceNew
                0x0000000000400a20        0x0 /usr/lib/gcc/x86_64-linux-gnu/5/../../../x86_64-linux-gnu/crt1.o
 .rela.text.object_getRegisterPayloadBufferLength
                0x0000000000400a20        0x0 /usr/lib/gcc/x86_64-linux-gnu/5/../../../x86_64-linux-gnu/crt1.o
 .rela.text.object_getRegisterPayload
                0x0000000000400a20        0x0 /usr/lib/gcc/x86_64-linux-gnu/5/../../../x86_64-linux-gnu/crt1.o
 .rela.text.object_getServers
                0x0000000000400a20        0x0 /usr/lib/gcc/x86_64-linux-gnu/5/../../../x86_64-linux-gnu/crt1.o
 .rela.text.object_createInstance
                0x0000000000400a20        0x0 /usr/lib/gcc/x86_64-linux-gnu/5/../../../x86_64-linux-gnu/crt1.o
 .rela.text.object_writeInstance
                0x0000000000400a20        0x0 /usr/lib/gcc/x86_64-linux-gnu/5/../../../x86_64-linux-gnu/crt1.o
 .rela.text.prv_encodeInt
                0x0000000000400a20        0x0 /usr/lib/gcc/x86_64-linux-gnu/5/../../../x86_64-linux-gnu/crt1.o
 .rela.text.prv_encodeFloat
                0x0000000000400a20        0x0 /usr/lib/gcc/x86_64-linux-gnu/5/../../../x86_64-linux-gnu/crt1.o
 .rela.text.tlv_parse
                0x0000000000400a20        0x0 /usr/lib/gcc/x86_64-linux-gnu/5/../../../x86_64-linux-gnu/crt1.o
 .rela.text.tlv_serialize
                0x0000000000400a20        0x0 /usr/lib/gcc/x86_64-linux-gnu/5/../../../x86_64-linux-gnu/crt1.o
 .rela.text.prv_handleRegistrationUpdateReply
                0x0000000000400a20        0x0 /usr/lib/gcc/x86_64-linux-gnu/5/../../../x86_64-linux-gnu/crt1.o
 .rela.text.prv_handleRegistrationReply
                0x0000000000400a20        0x0 /usr/lib/gcc/x86_64-linux-gnu/5/../../../x86_64-linux-gnu/crt1.o
 .rela.text.prv_getRegistrationQueryLength
                0x0000000000400a20        0x0 /usr/lib/gcc/x86_64-linux-gnu/5/../../../x86_64-linux-gnu/crt1.o
 .rela.text.prv_getRegistrationQuery
                0x0000000000400a20        0x0 /usr/lib/gcc/x86_64-linux-gnu/5/../../../x86_64-linux-gnu/crt1.o
 .rela.text.prv_register
                0x0000000000400a20        0x0 /usr/lib/gcc/x86_64-linux-gnu/5/../../../x86_64-linux-gnu/crt1.o
 .rela.text.prv_updateRegistration
                0x0000000000400a20        0x0 /usr/lib/gcc/x86_64-linux-gnu/5/../../../x86_64-linux-gnu/crt1.o
 .rela.text.registration_deregister
                0x0000000000400a20        0x0 /usr/lib/gcc/x86_64-linux-gnu/5/../../../x86_64-linux-gnu/crt1.o
 .rela.text.registration_reset
                0x0000000000400a20        0x0 /usr/lib/gcc/x86_64-linux-gnu/5/../../../x86_64-linux-gnu/crt1.o
 .rela.text.registration_step
                0x0000000000400a20        0x0 /usr/lib/gcc/x86_64-linux-gnu/5/../../../x86_64-linux-gnu/crt1.o
 .rela.text.lwm2m_list_free
                0x0000000000400a20        0x0 /usr/lib/gcc/x86_64-linux-gnu/5/../../../x86_64-linux-gnu/crt1.o
 .rela.text.prv_serializeAttributes
                0x0000000000400a20        0x0 /usr/lib/gcc/x86_64-linux-gnu/5/../../../x86_64-linux-gnu/crt1.o
 .rela.text.prv_serializeLinkData
                0x0000000000400a20        0x0 /usr/lib/gcc/x86_64-linux-gnu/5/../../../x86_64-linux-gnu/crt1.o
 .rela.text.discover_serialize
                0x0000000000400a20        0x0 /usr/lib/gcc/x86_64-linux-gnu/5/../../../x86_64-linux-gnu/crt1.o
 .rela.text.prv_deleteServer
                0x0000000000400a20        0x0 /usr/lib/gcc/x86_64-linux-gnu/5/../../../x86_64-linux-gnu/crt1.o
 .rela.text.prv_deleteBootstrapServer
                0x0000000000400a20        0x0 /usr/lib/gcc/x86_64-linux-gnu/5/../../../x86_64-linux-gnu/crt1.o
 .rela.text.lwm2m_init
                0x0000000000400a20        0x0 /usr/lib/gcc/x86_64-linux-gnu/5/../../../x86_64-linux-gnu/crt1.o
 .rela.text.prv_deleteObservedList
                0x0000000000400a20        0x0 /usr/lib/gcc/x86_64-linux-gnu/5/../../../x86_64-linux-gnu/crt1.o
 .rela.text.prv_deleteTransactionList
                0x0000000000400a20        0x0 /usr/lib/gcc/x86_64-linux-gnu/5/../../../x86_64-linux-gnu/crt1.o
 .rela.text.lwm2m_close
                0x0000000000400a20        0x0 /usr/lib/gcc/x86_64-linux-gnu/5/../../../x86_64-linux-gnu/crt1.o
 .rela.text.lwm2m_configure
                0x0000000000400a20        0x0 /usr/lib/gcc/x86_64-linux-gnu/5/../../../x86_64-linux-gnu/crt1.o
 .rela.text.lwm2m_bootstrap_process_reg_failed
                0x0000000000400a20        0x0 /usr/lib/gcc/x86_64-linux-gnu/5/../../../x86_64-linux-gnu/crt1.o
 .rela.text.lwm2m_step
                0x0000000000400a20        0x0 /usr/lib/gcc/x86_64-linux-gnu/5/../../../x86_64-linux-gnu/crt1.o
 .rela.text.prv_requestBootstrap
                0x0000000000400a20        0x0 /usr/lib/gcc/x86_64-linux-gnu/5/../../../x86_64-linux-gnu/crt1.o
 .rela.text.prv_handleResponse
                0x0000000000400a20        0x0 /usr/lib/gcc/x86_64-linux-gnu/5/../../../x86_64-linux-gnu/crt1.o
 .rela.text.prv_checkServerStatus
                0x0000000000400a20        0x0 /usr/lib/gcc/x86_64-linux-gnu/5/../../../x86_64-linux-gnu/crt1.o
 .rela.text.bootstrap_step
                0x0000000000400a20        0x0 /usr/lib/gcc/x86_64-linux-gnu/5/../../../x86_64-linux-gnu/crt1.o
 .rela.text.bootstrap_handleFinish
                0x0000000000400a20        0x0 /usr/lib/gcc/x86_64-linux-gnu/5/../../../x86_64-linux-gnu/crt1.o
 .rela.text.bootstrap_start
                0x0000000000400a20        0x0 /usr/lib/gcc/x86_64-linux-gnu/5/../../../x86_64-linux-gnu/crt1.o
 .rela.text.bootstrap_handleCommand
                0x0000000000400a20        0x0 /usr/lib/gcc/x86_64-linux-gnu/5/../../../x86_64-linux-gnu/crt1.o
 .rela.text.bootstrap_handleDeleteAll
                0x0000000000400a20        0x0 /usr/lib/gcc/x86_64-linux-gnu/5/../../../x86_64-linux-gnu/crt1.o
 .rela.text.uri_decode
                0x0000000000400a20        0x0 /usr/lib/gcc/x86_64-linux-gnu/5/../../../x86_64-linux-gnu/crt1.o
 .rela.text.lwm2m_stringToUri
                0x0000000000400a20        0x0 /usr/lib/gcc/x86_64-linux-gnu/5/../../../x86_64-linux-gnu/crt1.o
 .rela.text.uri_toString
                0x0000000000400a20        0x0 /usr/lib/gcc/x86_64-linux-gnu/5/../../../x86_64-linux-gnu/crt1.o
 .rela.text.coap_block1_handler
                0x0000000000400a20        0x0 /usr/lib/gcc/x86_64-linux-gnu/5/../../../x86_64-linux-gnu/crt1.o
 .rela.text.free_block1_buffer
                0x0000000000400a20        0x0 /usr/lib/gcc/x86_64-linux-gnu/5/../../../x86_64-linux-gnu/crt1.o
 .rela.text.prv_checkFinished
                0x0000000000400a20        0x0 /usr/lib/gcc/x86_64-linux-gnu/5/../../../x86_64-linux-gnu/crt1.o
 .rela.text.transaction_new
                0x0000000000400a20        0x0 /usr/lib/gcc/x86_64-linux-gnu/5/../../../x86_64-linux-gnu/crt1.o
 .rela.text.transaction_free
                0x0000000000400a20        0x0 /usr/lib/gcc/x86_64-linux-gnu/5/../../../x86_64-linux-gnu/crt1.o
 .rela.text.transaction_handleResponse
                0x0000000000400a20        0x0 /usr/lib/gcc/x86_64-linux-gnu/5/../../../x86_64-linux-gnu/crt1.o
 .rela.text.transaction_send
                0x0000000000400a20        0x0 /usr/lib/gcc/x86_64-linux-gnu/5/../../../x86_64-linux-gnu/crt1.o
 .rela.text.prv_setBuffer
                0x0000000000400a20        0x0 /usr/lib/gcc/x86_64-linux-gnu/5/../../../x86_64-linux-gnu/crt1.o
 .rela.text.prv_textSerialize
                0x0000000000400a20        0x0 /usr/lib/gcc/x86_64-linux-gnu/5/../../../x86_64-linux-gnu/crt1.o
 .rela.text.lwm2m_data_decode_opaque
                0x0000000000400a20        0x0 /usr/lib/gcc/x86_64-linux-gnu/5/../../../x86_64-linux-gnu/crt1.o
 .rela.text.lwm2m_data_new
                0x0000000000400a20        0x0 /usr/lib/gcc/x86_64-linux-gnu/5/../../../x86_64-linux-gnu/crt1.o
 .rela.text.lwm2m_data_free
                0x0000000000400a20        0x0 /usr/lib/gcc/x86_64-linux-gnu/5/../../../x86_64-linux-gnu/crt1.o
 .rela.text.lwm2m_data_decode_int
                0x0000000000400a20        0x0 /usr/lib/gcc/x86_64-linux-gnu/5/../../../x86_64-linux-gnu/crt1.o
 .rela.text.lwm2m_data_decode_float
                0x0000000000400a20        0x0 /usr/lib/gcc/x86_64-linux-gnu/5/../../../x86_64-linux-gnu/crt1.o
 .rela.text.lwm2m_data_serialize
                0x0000000000400a20        0x0 /usr/lib/gcc/x86_64-linux-gnu/5/../../../x86_64-linux-gnu/crt1.o
 .rela.text.utils_intToText
                0x0000000000400a20        0x0 /usr/lib/gcc/x86_64-linux-gnu/5/../../../x86_64-linux-gnu/crt1.o
 .rela.text.utils_findServer
                0x0000000000400a20        0x0 /usr/lib/gcc/x86_64-linux-gnu/5/../../../x86_64-linux-gnu/crt1.o
 .rela.text.utils_findBootstrapServer
                0x0000000000400a20        0x0 /usr/lib/gcc/x86_64-linux-gnu/5/../../../x86_64-linux-gnu/crt1.o
 .rela.text.prv_end_of_space
                0x0000000000400a20        0x0 /usr/lib/gcc/x86_64-linux-gnu/5/../../../x86_64-linux-gnu/crt1.o
 .rela.text.prv_find_command
                0x0000000000400a20        0x0 /usr/lib/gcc/x86_64-linux-gnu/5/../../../x86_64-linux-gnu/crt1.o
 .rela.text.print_indent
                0x0000000000400a20        0x0 /usr/lib/gcc/x86_64-linux-gnu/5/../../../x86_64-linux-gnu/crt1.o
 .rela.text.prv_displayHelp
                0x0000000000400a20        0x0 /usr/lib/gcc/x86_64-linux-gnu/5/../../../x86_64-linux-gnu/crt1.o
 .rela.text.handle_command
                0x0000000000400a20        0x0 /usr/lib/gcc/x86_64-linux-gnu/5/../../../x86_64-linux-gnu/crt1.o
 .rela.text.get_end_of_arg
                0x0000000000400a20        0x0 /usr/lib/gcc/x86_64-linux-gnu/5/../../../x86_64-linux-gnu/crt1.o
 .rela.text.output_tlv
                0x0000000000400a20        0x0 /usr/lib/gcc/x86_64-linux-gnu/5/../../../x86_64-linux-gnu/crt1.o
 .rela.text.output_data
                0x0000000000400a20        0x0 /usr/lib/gcc/x86_64-linux-gnu/5/../../../x86_64-linux-gnu/crt1.o
 .rela.text.dump_tlv
                0x0000000000400a20        0x0 /usr/lib/gcc/x86_64-linux-gnu/5/../../../x86_64-linux-gnu/crt1.o
 .rela.text.print_status
                0x0000000000400a20        0x0 /usr/lib/gcc/x86_64-linux-gnu/5/../../../x86_64-linux-gnu/crt1.o
 .rela.text.base64_decode
                0x0000000000400a20        0x0 /usr/lib/gcc/x86_64-linux-gnu/5/../../../x86_64-linux-gnu/crt1.o
 .rela.text.atiny_gettime_ms
                0x0000000000400a20        0x0 /usr/lib/gcc/x86_64-linux-gnu/5/../../../x86_64-linux-gnu/crt1.o
 .rela.text.atiny_malloc
                0x0000000000400a20        0x0 /usr/lib/gcc/x86_64-linux-gnu/5/../../../x86_64-linux-gnu/crt1.o
 .rela.text.atiny_free
                0x0000000000400a20        0x0 /usr/lib/gcc/x86_64-linux-gnu/5/../../../x86_64-linux-gnu/crt1.o
 .rela.text.atiny_snprintf
                0x0000000000400a20        0x0 /usr/lib/gcc/x86_64-linux-gnu/5/../../../x86_64-linux-gnu/crt1.o
 .rela.text.atiny_printf
                0x0000000000400a20        0x0 /usr/lib/gcc/x86_64-linux-gnu/5/../../../x86_64-linux-gnu/crt1.o
 .rela.text.atiny_strdup
                0x0000000000400a20        0x0 /usr/lib/gcc/x86_64-linux-gnu/5/../../../x86_64-linux-gnu/crt1.o
 .rela.text.atiny_mutex_create
                0x0000000000400a20        0x0 /usr/lib/gcc/x86_64-linux-gnu/5/../../../x86_64-linux-gnu/crt1.o
 .rela.text.atiny_mutex_destroy
                0x0000000000400a20        0x0 /usr/lib/gcc/x86_64-linux-gnu/5/../../../x86_64-linux-gnu/crt1.o
 .rela.text.atiny_mutex_lock
                0x0000000000400a20        0x0 /usr/lib/gcc/x86_64-linux-gnu/5/../../../x86_64-linux-gnu/crt1.o
 .rela.text.atiny_mutex_unlock
                0x0000000000400a20        0x0 /usr/lib/gcc/x86_64-linux-gnu/5/../../../x86_64-linux-gnu/crt1.o
 .rela.text.atiny_random
                0x0000000000400a20        0x0 /usr/lib/gcc/x86_64-linux-gnu/5/../../../x86_64-linux-gnu/crt1.o
 .rela.text.atiny_net_connect
                0x0000000000400a20        0x0 /usr/lib/gcc/x86_64-linux-gnu/5/../../../x86_64-linux-gnu/crt1.o
 .rela.text.atiny_net_recv
                0x0000000000400a20        0x0 /usr/lib/gcc/x86_64-linux-gnu/5/../../../x86_64-linux-gnu/crt1.o
 .rela.text.atiny_net_recv_timeout
                0x0000000000400a20        0x0 /usr/lib/gcc/x86_64-linux-gnu/5/../../../x86_64-linux-gnu/crt1.o
 .rela.text.atiny_net_send
                0x0000000000400a20        0x0 /usr/lib/gcc/x86_64-linux-gnu/5/../../../x86_64-linux-gnu/crt1.o
 .rela.text.atiny_net_close
                0x0000000000400a20        0x0 /usr/lib/gcc/x86_64-linux-gnu/5/../../../x86_64-linux-gnu/crt1.o
 .rela.text.prv_device_execute
                0x0000000000400a20        0x0 /usr/lib/gcc/x86_64-linux-gnu/5/../../../x86_64-linux-gnu/crt1.o
 .rela.text.prv_device_write
                0x0000000000400a20        0x0 /usr/lib/gcc/x86_64-linux-gnu/5/../../../x86_64-linux-gnu/crt1.o
 .rela.text.prv_set_value
                0x0000000000400a20        0x0 /usr/lib/gcc/x86_64-linux-gnu/5/../../../x86_64-linux-gnu/crt1.o
 .rela.text.get_object_device
                0x0000000000400a20        0x0 /usr/lib/gcc/x86_64-linux-gnu/5/../../../x86_64-linux-gnu/crt1.o
 .rela.text.free_object_device
                0x0000000000400a20        0x0 /usr/lib/gcc/x86_64-linux-gnu/5/../../../x86_64-linux-gnu/crt1.o
 .rela.text.prv_res2tlv
                0x0000000000400a20        0x0 /usr/lib/gcc/x86_64-linux-gnu/5/../../../x86_64-linux-gnu/crt1.o
 .rela.text.get_object_location
                0x0000000000400a20        0x0 /usr/lib/gcc/x86_64-linux-gnu/5/../../../x86_64-linux-gnu/crt1.o
 .rela.text.free_object_location
                0x0000000000400a20        0x0 /usr/lib/gcc/x86_64-linux-gnu/5/../../../x86_64-linux-gnu/crt1.o
 .rela.text.connection_create
                0x0000000000400a20        0x0 /usr/lib/gcc/x86_64-linux-gnu/5/../../../x86_64-linux-gnu/crt1.o
 .rela.text.lwm2m_connect_server
                0x0000000000400a20        0x0 /usr/lib/gcc/x86_64-linux-gnu/5/../../../x86_64-linux-gnu/crt1.o
 .rela.text.lwm2m_close_connection
                0x0000000000400a20        0x0 /usr/lib/gcc/x86_64-linux-gnu/5/../../../x86_64-linux-gnu/crt1.o
 .rela.text.lwm2m_buffer_send
                0x0000000000400a20        0x0 /usr/lib/gcc/x86_64-linux-gnu/5/../../../x86_64-linux-gnu/crt1.o
 .rela.text.prv_security_delete
                0x0000000000400a20        0x0 /usr/lib/gcc/x86_64-linux-gnu/5/../../../x86_64-linux-gnu/crt1.o
 .rela.text.prv_security_write
                0x0000000000400a20        0x0 /usr/lib/gcc/x86_64-linux-gnu/5/../../../x86_64-linux-gnu/crt1.o
 .rela.text.prv_security_create
                0x0000000000400a20        0x0 /usr/lib/gcc/x86_64-linux-gnu/5/../../../x86_64-linux-gnu/crt1.o
 .rela.text.copy_security_object
                0x0000000000400a20        0x0 /usr/lib/gcc/x86_64-linux-gnu/5/../../../x86_64-linux-gnu/crt1.o
 .rela.text.clean_security_object
                0x0000000000400a20        0x0 /usr/lib/gcc/x86_64-linux-gnu/5/../../../x86_64-linux-gnu/crt1.o
 .rela.text.get_security_object
                0x0000000000400a20        0x0 /usr/lib/gcc/x86_64-linux-gnu/5/../../../x86_64-linux-gnu/crt1.o
 .rela.text.security_get_uri
                0x0000000000400a20        0x0 /usr/lib/gcc/x86_64-linux-gnu/5/../../../x86_64-linux-gnu/crt1.o
 .rela.text.prv_server_delete
                0x0000000000400a20        0x0 /usr/lib/gcc/x86_64-linux-gnu/5/../../../x86_64-linux-gnu/crt1.o
 .rela.text.prv_server_write
                0x0000000000400a20        0x0 /usr/lib/gcc/x86_64-linux-gnu/5/../../../x86_64-linux-gnu/crt1.o
 .rela.text.prv_server_create
                0x0000000000400a20        0x0 /usr/lib/gcc/x86_64-linux-gnu/5/../../../x86_64-linux-gnu/crt1.o
 .rela.text.copy_server_object
                0x0000000000400a20        0x0 /usr/lib/gcc/x86_64-linux-gnu/5/../../../x86_64-linux-gnu/crt1.o
 .rela.text.get_server_object
                0x0000000000400a20        0x0 /usr/lib/gcc/x86_64-linux-gnu/5/../../../x86_64-linux-gnu/crt1.o
 .rela.text.clean_server_object
                0x0000000000400a20        0x0 /usr/lib/gcc/x86_64-linux-gnu/5/../../../x86_64-linux-gnu/crt1.o
 .rela.text.prv_destroy_data_buf
                0x0000000000400a20        0x0 /usr/lib/gcc/x86_64-linux-gnu/5/../../../x86_64-linux-gnu/crt1.o
 .rela.text.prv_delete
                0x0000000000400a20        0x0 /usr/lib/gcc/x86_64-linux-gnu/5/../../../x86_64-linux-gnu/crt1.o
 .rela.text.free_binary_app_data_object_rpt
                0x0000000000400a20        0x0 /usr/lib/gcc/x86_64-linux-gnu/5/../../../x86_64-linux-gnu/crt1.o
 .rela.text.prv_output_buffer
                0x0000000000400a20        0x0 /usr/lib/gcc/x86_64-linux-gnu/5/../../../x86_64-linux-gnu/crt1.o
 .rela.text.prv_exec
                0x0000000000400a20        0x0 /usr/lib/gcc/x86_64-linux-gnu/5/../../../x86_64-linux-gnu/crt1.o
 .rela.text.prv_write
                0x0000000000400a20        0x0 /usr/lib/gcc/x86_64-linux-gnu/5/../../../x86_64-linux-gnu/crt1.o
 .rela.text.prv_read_data
                0x0000000000400a20        0x0 /usr/lib/gcc/x86_64-linux-gnu/5/../../../x86_64-linux-gnu/crt1.o
 .rela.text.prv_read
                0x0000000000400a20        0x0 /usr/lib/gcc/x86_64-linux-gnu/5/../../../x86_64-linux-gnu/crt1.o
 .rela.text.prv_create
                0x0000000000400a20        0x0 /usr/lib/gcc/x86_64-linux-gnu/5/../../../x86_64-linux-gnu/crt1.o
 .rela.text.free_binary_app_data_object
                0x0000000000400a20        0x0 /usr/lib/gcc/x86_64-linux-gnu/5/../../../x86_64-linux-gnu/crt1.o
 .rela.text.get_binary_app_data_object
                0x0000000000400a20        0x0 /usr/lib/gcc/x86_64-linux-gnu/5/../../../x86_64-linux-gnu/crt1.o
 .rela.text.set_binary_app_data_object_rpt_max_cnt
                0x0000000000400a20        0x0 /usr/lib/gcc/x86_64-linux-gnu/5/../../../x86_64-linux-gnu/crt1.o
 .rela.text.atiny_event_handle
                0x0000000000400a20        0x0 /usr/lib/gcc/x86_64-linux-gnu/5/../../../x86_64-linux-gnu/crt1.o
 .rela.text.lwm2m_poll
                0x0000000000400a20        0x0 /usr/lib/gcc/x86_64-linux-gnu/5/../../../x86_64-linux-gnu/crt1.o
 .rela.text.atiny_init
                0x0000000000400a20        0x0 /usr/lib/gcc/x86_64-linux-gnu/5/../../../x86_64-linux-gnu/crt1.o
 .rela.text.atiny_init_objects
                0x0000000000400a20        0x0 /usr/lib/gcc/x86_64-linux-gnu/5/../../../x86_64-linux-gnu/crt1.o
 .rela.text.atiny_destroy
                0x0000000000400a20        0x0 /usr/lib/gcc/x86_64-linux-gnu/5/../../../x86_64-linux-gnu/crt1.o
 .rela.text.reboot_check
                0x0000000000400a20        0x0 /usr/lib/gcc/x86_64-linux-gnu/5/../../../x86_64-linux-gnu/crt1.o
 .rela.text.atiny_bind
                0x0000000000400a20        0x0 /usr/lib/gcc/x86_64-linux-gnu/5/../../../x86_64-linux-gnu/crt1.o
 .rela.text.atiny_data_report
                0x0000000000400a20        0x0 /usr/lib/gcc/x86_64-linux-gnu/5/../../../x86_64-linux-gnu/crt1.o
 .rela.text.atiny_clear_rpt_list_node_data
                0x0000000000400a20        0x0 /usr/lib/gcc/x86_64-linux-gnu/5/../../../x86_64-linux-gnu/crt1.o
 .rela.text.atiny_free_list
                0x0000000000400a20        0x0 /usr/lib/gcc/x86_64-linux-gnu/5/../../../x86_64-linux-gnu/crt1.o
 .rela.text.atiny_add_rpt_uri
                0x0000000000400a20        0x0 /usr/lib/gcc/x86_64-linux-gnu/5/../../../x86_64-linux-gnu/crt1.o
 .rela.text.atiny_rm_rpt_uri
                0x0000000000400a20        0x0 /usr/lib/gcc/x86_64-linux-gnu/5/../../../x86_64-linux-gnu/crt1.o
 .rela.text.atiny_dequeue_rpt_data
                0x0000000000400a20        0x0 /usr/lib/gcc/x86_64-linux-gnu/5/../../../x86_64-linux-gnu/crt1.o
 .rela.text.atiny_queue_rpt_data
                0x0000000000400a20        0x0 /usr/lib/gcc/x86_64-linux-gnu/5/../../../x86_64-linux-gnu/crt1.o
 .rela.text.prv_add_ac_val
                0x0000000000400a20        0x0 /usr/lib/gcc/x86_64-linux-gnu/5/../../../x86_64-linux-gnu/crt1.o
 .rela.text.acc_ctrl_create_object
                0x0000000000400a20        0x0 /usr/lib/gcc/x86_64-linux-gnu/5/../../../x86_64-linux-gnu/crt1.o
 .rela.text.acl_ctrl_free_object
                0x0000000000400a20        0x0 /usr/lib/gcc/x86_64-linux-gnu/5/../../../x86_64-linux-gnu/crt1.o
 .rela.text.acc_ctrl_obj_add_inst
                0x0000000000400a20        0x0 /usr/lib/gcc/x86_64-linux-gnu/5/../../../x86_64-linux-gnu/crt1.o
 .rela.text.get_object_conn_s
                0x0000000000400a20        0x0 /usr/lib/gcc/x86_64-linux-gnu/5/../../../x86_64-linux-gnu/crt1.o
 .rela.text.free_object_conn_s
                0x0000000000400a20        0x0 /usr/lib/gcc/x86_64-linux-gnu/5/../../../x86_64-linux-gnu/crt1.o
 .rela.text.get_object_conn_m
                0x0000000000400a20        0x0 /usr/lib/gcc/x86_64-linux-gnu/5/../../../x86_64-linux-gnu/crt1.o
 .rela.text.free_object_conn_m
                0x0000000000400a20        0x0 /usr/lib/gcc/x86_64-linux-gnu/5/../../../x86_64-linux-gnu/crt1.o
 .rela.text.connectivity_moni_change
                0x0000000000400a20        0x0 /usr/lib/gcc/x86_64-linux-gnu/5/../../../x86_64-linux-gnu/crt1.o
 .rela.text.lwm2m_strdup
                0x0000000000400a20        0x0 /usr/lib/gcc/x86_64-linux-gnu/5/../../../x86_64-linux-gnu/crt1.o
 .rela.text.lwm2m_strncmp
                0x0000000000400a20        0x0 /usr/lib/gcc/x86_64-linux-gnu/5/../../../x86_64-linux-gnu/crt1.o
 .rela.text.atiny_write_app_write
                0x0000000000400a20        0x0 /usr/lib/gcc/x86_64-linux-gnu/5/../../../x86_64-linux-gnu/crt1.o
 .rela.text.app_data_report
                0x0000000000400a20        0x0 /usr/lib/gcc/x86_64-linux-gnu/5/../../../x86_64-linux-gnu/crt1.o
 .rela.text.agent_tiny_entry
                0x0000000000400a20        0x0 /usr/lib/gcc/x86_64-linux-gnu/5/../../../x86_64-linux-gnu/crt1.o
 .rela.text.main
                0x0000000000400a20        0x0 /usr/lib/gcc/x86_64-linux-gnu/5/../../../x86_64-linux-gnu/crt1.o
 *(.rela.fini)
 *(.rela.rodata .rela.rodata.* .rela.gnu.linkonce.r.*)
 *(.rela.data .rela.data.* .rela.gnu.linkonce.d.*)
 *(.rela.tdata .rela.tdata.* .rela.gnu.linkonce.td.*)
 *(.rela.tbss .rela.tbss.* .rela.gnu.linkonce.tb.*)
 *(.rela.ctors)
 *(.rela.dtors)
 *(.rela.got)
 .rela.got      0x0000000000400a20       0x18 /usr/lib/gcc/x86_64-linux-gnu/5/../../../x86_64-linux-gnu/crt1.o
 *(.rela.bss .rela.bss.* .rela.gnu.linkonce.b.*)
 .rela.bss      0x0000000000400a38       0x30 /usr/lib/gcc/x86_64-linux-gnu/5/../../../x86_64-linux-gnu/crt1.o
 *(.rela.ldata .rela.ldata.* .rela.gnu.linkonce.l.*)
 *(.rela.lbss .rela.lbss.* .rela.gnu.linkonce.lb.*)
 *(.rela.lrodata .rela.lrodata.* .rela.gnu.linkonce.lr.*)
 *(.rela.ifunc)

.rela.plt       0x0000000000400a68      0x390
 *(.rela.plt)
 .rela.plt      0x0000000000400a68      0x390 /usr/lib/gcc/x86_64-linux-gnu/5/../../../x86_64-linux-gnu/crt1.o
                [!provide]                        PROVIDE (__rela_iplt_start, .)
 *(.rela.iplt)
 .rela.iplt     0x0000000000400df8        0x0 /usr/lib/gcc/x86_64-linux-gnu/5/../../../x86_64-linux-gnu/crt1.o
                [!provide]                        PROVIDE (__rela_iplt_end, .)

.init           0x0000000000400df8       0x1a
 *(SORT(.init))
 .init          0x0000000000400df8       0x15 /usr/lib/gcc/x86_64-linux-gnu/5/../../../x86_64-linux-gnu/crti.o
                0x0000000000400df8                _init
 .init          0x0000000000400e0d        0x5 /usr/lib/gcc/x86_64-linux-gnu/5/../../../x86_64-linux-gnu/crtn.o

.plt            0x0000000000400e20      0x270
 *(.plt)
 .plt           0x0000000000400e20      0x270 /usr/lib/gcc/x86_64-linux-gnu/5/../../../x86_64-linux-gnu/crt1.o
                0x0000000000400e30                free@@GLIBC_2.2.5
                0x0000000000400e40                recv@@GLIBC_2.2.5
                0x0000000000400e50                pthread_create@@GLIBC_2.2.5
                0x0000000000400e60                __errno_location@@GLIBC_2.2.5
                0x0000000000400e70                strncpy@@GLIBC_2.2.5
                0x0000000000400e80                strncmp@@GLIBC_2.2.5
                0x0000000000400e90                puts@@GLIBC_2.2.5
                0x0000000000400ea0                fcntl@@GLIBC_2.2.5
                0x0000000000400eb0                send@@GLIBC_2.2.5
                0x0000000000400ec0                pthread_mutex_destroy@@GLIBC_2.2.5
                0x0000000000400ed0                __fdelt_chk@@GLIBC_2.15
                0x0000000000400ee0                strrchr@@GLIBC_2.2.5
                0x0000000000400ef0                gettimeofday@@GLIBC_2.2.5
                0x0000000000400f00                memset@@GLIBC_2.2.5
                0x0000000000400f10                close@@GLIBC_2.2.5
                0x0000000000400f20                fputc@@GLIBC_2.2.5
                0x0000000000400f30                __libc_start_main@@GLIBC_2.2.5
                0x0000000000400f40                memcmp@@GLIBC_2.2.5
                0x0000000000400f50                __memcpy_chk@@GLIBC_2.3.4
                0x0000000000400f60                memcpy@@GLIBC_2.14
                0x0000000000400f70                select@@GLIBC_2.2.5
                0x0000000000400f80                pthread_mutex_unlock@@GLIBC_2.2.5
                0x0000000000400f90                malloc@@GLIBC_2.2.5
                0x0000000000400fa0                __vsnprintf_chk@@GLIBC_2.3.4
                0x0000000000400fb0                __printf_chk@@GLIBC_2.3.4
                0x0000000000400fc0                memmove@@GLIBC_2.2.5
                0x0000000000400fd0                connect@@GLIBC_2.2.5
                0x0000000000400fe0                fwrite@@GLIBC_2.2.5
                0x0000000000400ff0                __fprintf_chk@@GLIBC_2.3.4
                0x0000000000401000                getaddrinfo@@GLIBC_2.2.5
                0x0000000000401010                sleep@@GLIBC_2.2.5
                0x0000000000401020                pthread_mutex_init@@GLIBC_2.2.5
                0x0000000000401030                pthread_mutex_lock@@GLIBC_2.2.5
                0x0000000000401040                rand@@GLIBC_2.2.5
                0x0000000000401050                __ctype_b_loc@@GLIBC_2.3
                0x0000000000401060                freeaddrinfo@@GLIBC_2.2.5
                0x0000000000401070                __sprintf_chk@@GLIBC_2.3.4
                0x0000000000401080                socket@@GLIBC_2.2.5
 *(.iplt)
 .iplt          0x0000000000401090        0x0 /usr/lib/gcc/x86_64-linux-gnu/5/../../../x86_64-linux-gnu/crt1.o

.plt.got        0x0000000000401090        0x8
 *(.plt.got)
 .plt.got       0x0000000000401090        0x8 /usr/lib/gcc/x86_64-linux-gnu/5/../../../x86_64-linux-gnu/crt1.o

.plt.bnd
 *(.plt.bnd)

.text           0x00000000004010a0     0xf672
 *(.text.unlikely .text.*_unlikely .text.unlikely.*)
 *(.text.exit .text.exit.*)
 *(.text.startup .text.startup.*)
 *(.text.hot .text.hot.*)
 *(.text .stub .text.* .gnu.linkonce.t.*)
 .text          0x00000000004010a0       0x2a /usr/lib/gcc/x86_64-linux-gnu/5/../../../x86_64-linux-gnu/crt1.o
                0x00000000004010a0                _start
 *fill*         0x00000000004010ca        0x6 
 .text          0x00000000004010d0       0xc6 /usr/lib/gcc/x86_64-linux-gnu/5/crtbegin.o
 .text.coap_log_2
                0x0000000000401196       0x1a build/er-coap-13.o
 .text.coap_parse_int_option
                0x00000000004011b0       0x20 build/er-coap-13.o
 .text.coap_option_nibble
                0x00000000004011d0       0x1c build/er-coap-13.o
 .text.coap_set_option_header
                0x00000000004011ec       0x87 build/er-coap-13.o
 .text.coap_serialize_int_option
                0x0000000000401273       0xa5 build/er-coap-13.o
 .text.coap_serialize_array_option
                0x0000000000401318       0xd9 build/er-coap-13.o
 .text.coap_serialize_multi_option
                0x00000000004013f1       0x62 build/er-coap-13.o
 .text.coap_merge_multi_option
                0x0000000000401453       0x4b build/er-coap-13.o
 .text.coap_add_multi_option
                0x000000000040149e       0x95 build/er-coap-13.o
                0x000000000040149e                coap_add_multi_option
 .text.free_multi_option
                0x0000000000401533       0x3f build/er-coap-13.o
                0x0000000000401533                free_multi_option
 .text.coap_get_multi_option_as_string
                0x0000000000401572       0x75 build/er-coap-13.o
                0x0000000000401572                coap_get_multi_option_as_string
 .text.coap_init_message
                0x00000000004015e7       0x47 build/er-coap-13.o
                0x00000000004015e7                coap_init_message
 .text.coap_free_header
                0x000000000040162e       0x3f build/er-coap-13.o
                0x000000000040162e                coap_free_header
 .text.coap_serialize_get_size
                0x000000000040166d      0x144 build/er-coap-13.o
                0x000000000040166d                coap_serialize_get_size
 .text.coap_serialize_message
                0x00000000004017b1      0x3e9 build/er-coap-13.o
                0x00000000004017b1                coap_serialize_message
 .text.coap_parse_message
                0x0000000000401b9a      0x425 build/er-coap-13.o
                0x0000000000401b9a                coap_parse_message
 .text.coap_set_status_code
                0x0000000000401fbf       0x18 build/er-coap-13.o
                0x0000000000401fbf                coap_set_status_code
 .text.coap_set_header_content_type
                0x0000000000401fd7        0xd build/er-coap-13.o
                0x0000000000401fd7                coap_set_header_content_type
 .text.coap_get_header_token
                0x0000000000401fe4       0x1e build/er-coap-13.o
                0x0000000000401fe4                coap_get_header_token
 .text.coap_set_header_token
                0x0000000000402002       0x31 build/er-coap-13.o
                0x0000000000402002                coap_set_header_token
 .text.coap_set_header_uri_path
                0x0000000000402033       0x8e build/er-coap-13.o
                0x0000000000402033                coap_set_header_uri_path
 .text.coap_set_header_uri_path_segment
                0x00000000004020c1       0x6a build/er-coap-13.o
                0x00000000004020c1                coap_set_header_uri_path_segment
 .text.coap_set_header_uri_query
                0x000000000040212b       0x97 build/er-coap-13.o
                0x000000000040212b                coap_set_header_uri_query
 .text.coap_set_header_location_path
                0x00000000004021c2       0x8e build/er-coap-13.o
                0x00000000004021c2                coap_set_header_location_path
 .text.coap_get_header_observe
                0x0000000000402250       0x1a build/er-coap-13.o
                0x0000000000402250                coap_get_header_observe
 .text.coap_set_header_observe
                0x000000000040226a       0x16 build/er-coap-13.o
                0x000000000040226a                coap_set_header_observe
 .text.coap_get_header_block2
                0x0000000000402280       0x50 build/er-coap-13.o
                0x0000000000402280                coap_get_header_block2
 .text.coap_set_header_block2
                0x00000000004022d0       0x47 build/er-coap-13.o
                0x00000000004022d0                coap_set_header_block2
 .text.coap_get_header_block1
                0x0000000000402317       0x50 build/er-coap-13.o
                0x0000000000402317                coap_get_header_block1
 .text.coap_set_header_block1
                0x0000000000402367       0x44 build/er-coap-13.o
                0x0000000000402367                coap_set_header_block1
 .text.coap_set_payload
                0x00000000004023ab       0x12 build/er-coap-13.o
                0x00000000004023ab                coap_set_payload
 .text.handle_request
                0x00000000004023bd      0x104 build/packet.o
 .text.handle_reset
                0x00000000004024c1       0x18 build/packet.o
 .text.message_send
                0x00000000004024d9       0x95 build/packet.o
                0x00000000004024d9                message_send
 .text.lwm2m_handle_packet
                0x000000000040256e      0x4cf build/packet.o
                0x000000000040256e                lwm2m_handle_packet
 .text.prv_readAttributes
                0x0000000000402a3d      0x48c build/management.o
 .text.dm_handleRequest
                0x0000000000402ec9      0x50f build/management.o
                0x0000000000402ec9                dm_handleRequest
 .text.prv_findObserved
                0x00000000004033d8       0x40 build/observe.o
 .text.prv_unlinkObserved
                0x0000000000403418       0x2e build/observe.o
 .text.prv_findWatcher
                0x0000000000403446       0x16 build/observe.o
 .text.prv_getWatcher
                0x000000000040345c      0x12a build/observe.o
 .text.lwm2m_register_observe_ack_call_back
                0x0000000000403586        0x8 build/observe.o
                0x0000000000403586                lwm2m_register_observe_ack_call_back
 .text.observe_cancel
                0x000000000040358e      0x119 build/observe.o
                0x000000000040358e                observe_cancel
 .text.observe_handleRequest
                0x00000000004036a7      0x170 build/observe.o
                0x00000000004036a7                observe_handleRequest
 .text.observe_clear
                0x0000000000403817       0x98 build/observe.o
                0x0000000000403817                observe_clear
 .text.observe_setParameters
                0x00000000004038af      0x1b2 build/observe.o
                0x00000000004038af                observe_setParameters
 .text.observe_findByUri
                0x0000000000403a61       0x5d build/observe.o
                0x0000000000403a61                observe_findByUri
 .text.lwm2m_resource_value_changed
                0x0000000000403abe       0x5d build/observe.o
                0x0000000000403abe                lwm2m_resource_value_changed
 .text.observe_send_transaction
                0x0000000000403b1b       0xd5 build/observe.o
                0x0000000000403b1b                observe_send_transaction
 .text.observe_app_step
                0x0000000000403bf0      0x251 build/observe.o
                0x0000000000403bf0                observe_app_step
 .text.observe_step
                0x0000000000403e41      0x5ea build/observe.o
                0x0000000000403e41                observe_step
 .text.prv_init_forbidden
                0x000000000040442b       0xc3 build/objects.o
 .text.prv_getObjectTemplate
                0x00000000004044ee       0x61 build/objects.o
 .text.prv_findServerInstance
                0x000000000040454f       0xc7 build/objects.o
 .text.prv_getMandatoryInfo
                0x0000000000404616       0xf9 build/objects.o
 .text.object_checkReadable
                0x000000000040470f       0xcd build/objects.o
                0x000000000040470f                object_checkReadable
 .text.object_checkNumeric
                0x00000000004047dc       0xc2 build/objects.o
                0x00000000004047dc                object_checkNumeric
 .text.object_readData
                0x000000000040489e      0x217 build/objects.o
                0x000000000040489e                object_readData
 .text.object_read
                0x0000000000404ab5       0x8c build/objects.o
                0x0000000000404ab5                object_read
 .text.object_write
                0x0000000000404b41       0xb7 build/objects.o
                0x0000000000404b41                object_write
 .text.object_execute
                0x0000000000404bf8       0x75 build/objects.o
                0x0000000000404bf8                object_execute
 .text.object_create
                0x0000000000404c6d      0x150 build/objects.o
                0x0000000000404c6d                object_create
 .text.object_delete
                0x0000000000404dbd       0xc8 build/objects.o
                0x0000000000404dbd                object_delete
 .text.object_discover
                0x0000000000404e85      0x1fb build/objects.o
                0x0000000000404e85                object_discover
 .text.object_isInstanceNew
                0x0000000000405080       0x3a build/objects.o
                0x0000000000405080                object_isInstanceNew
 .text.object_getRegisterPayloadBufferLength
                0x00000000004050ba       0xd5 build/objects.o
                0x00000000004050ba                object_getRegisterPayloadBufferLength
 .text.object_getRegisterPayload
                0x000000000040518f      0x1ec build/objects.o
                0x000000000040518f                object_getRegisterPayload
 .text.object_getServers
                0x000000000040537b      0x2f0 build/objects.o
                0x000000000040537b                object_getServers
 .text.object_createInstance
                0x000000000040566b       0x63 build/objects.o
                0x000000000040566b                object_createInstance
 .text.object_writeInstance
                0x00000000004056ce       0x41 build/objects.o
                0x00000000004056ce                object_writeInstance
 .text.prv_getHeaderType
                0x000000000040570f       0x2c build/tlv.o
 .text.prv_getDataType
                0x000000000040573b       0x45 build/tlv.o
 .text.prv_getHeaderLength
                0x0000000000405780       0x38 build/tlv.o
 .text.prv_createHeader
                0x00000000004057b8       0xdf build/tlv.o
 .text.prv_encodeInt
                0x0000000000405897       0x91 build/tlv.o
 .text.prv_getLength
                0x0000000000405928      0x169 build/tlv.o
 .text.prv_encodeFloat
                0x0000000000405a91       0x5b build/tlv.o
 .text.lwm2m_decode_TLV
                0x0000000000405aec      0x160 build/tlv.o
                0x0000000000405aec                lwm2m_decode_TLV
 .text.tlv_parse
                0x0000000000405c4c      0x16f build/tlv.o
                0x0000000000405c4c                tlv_parse
 .text.tlv_serialize
                0x0000000000405dbb      0x2ae build/tlv.o
                0x0000000000405dbb                tlv_serialize
 .text.prv_handleDeregistrationReply
                0x0000000000406069       0x18 build/registration.o
 .text.prv_handleRegistrationUpdateReply
                0x0000000000406081       0x43 build/registration.o
 .text.prv_handleRegistrationReply
                0x00000000004060c4       0x5e build/registration.o
 .text.prv_getRegistrationQueryLength
                0x0000000000406122       0xab build/registration.o
 .text.prv_getRegistrationQuery
                0x00000000004061cd      0x1d2 build/registration.o
 .text.prv_register
                0x000000000040639f      0x229 build/registration.o
 .text.prv_updateRegistration
                0x00000000004065c8      0x151 build/registration.o
 .text.lwm2m_update_registration
                0x0000000000406719      0x10a build/registration.o
                0x0000000000406719                lwm2m_update_registration
 .text.registration_start
                0x0000000000406823       0x4a build/registration.o
                0x0000000000406823                registration_start
 .text.registration_getStatus
                0x000000000040686d       0x44 build/registration.o
                0x000000000040686d                registration_getStatus
 .text.registration_deregister
                0x00000000004068b1       0xbd build/registration.o
                0x00000000004068b1                registration_deregister
 .text.registration_reset
                0x000000000040696e       0x2a build/registration.o
                0x000000000040696e                registration_reset
 .text.registration_step
                0x0000000000406998       0xee build/registration.o
                0x0000000000406998                registration_step
 .text.lwm2m_list_add
                0x0000000000406a86       0x3d build/list.o
                0x0000000000406a86                lwm2m_list_add
 .text.lwm2m_list_find
                0x0000000000406ac3       0x2d build/list.o
                0x0000000000406ac3                lwm2m_list_find
 .text.lwm2m_list_remove
                0x0000000000406af0       0x7d build/list.o
                0x0000000000406af0                lwm2m_list_remove
 .text.lwm2m_list_newId
                0x0000000000406b6d       0x1d build/list.o
                0x0000000000406b6d                lwm2m_list_newId
 .text.lwm2m_list_free
                0x0000000000406b8a       0x19 build/list.o
                0x0000000000406b8a                lwm2m_list_free
 .text.prv_findAttributes
                0x0000000000406ba3       0x56 build/discover.o
 .text.prv_serializeAttributes
                0x0000000000406bf9      0x3a5 build/discover.o
 .text.prv_serializeLinkData
                0x0000000000406f9e      0x384 build/discover.o
 .text.discover_serialize
                0x0000000000407322      0x408 build/discover.o
                0x0000000000407322                discover_serialize
 .text.lwm2m_bootstrap_tag_IOT_server
                0x000000000040772a       0x14 build/liblwm2m.o
 .text.prv_deleteServer
                0x000000000040773e       0x33 build/liblwm2m.o
 .text.prv_deleteServerList
                0x0000000000407771       0x21 build/liblwm2m.o
 .text.prv_deleteBootstrapServer
                0x0000000000407792       0x25 build/liblwm2m.o
 .text.prv_deleteBootstrapServerList
                0x00000000004077b7       0x21 build/liblwm2m.o
 .text.lwm2m_reset_register
                0x00000000004077d8       0x29 build/liblwm2m.o
 .text.prv_refreshServerList
                0x0000000000407801       0xa6 build/liblwm2m.o
 .text.lwm2m_init
                0x00000000004078a7       0x5c build/liblwm2m.o
                0x00000000004078a7                lwm2m_init
 .text.lwm2m_register_event_handler
                0x0000000000407903        0x8 build/liblwm2m.o
                0x0000000000407903                lwm2m_register_event_handler
 .text.lwm2m_notify_even
                0x000000000040790b       0x18 build/liblwm2m.o
                0x000000000040790b                lwm2m_notify_even
 .text.prv_deleteObservedList
                0x0000000000407923       0x79 build/liblwm2m.o
 .text.lwm2m_deregister
                0x000000000040799c       0x29 build/liblwm2m.o
                0x000000000040799c                lwm2m_deregister
 .text.prv_deleteTransactionList
                0x00000000004079c5       0x3d build/liblwm2m.o
                0x00000000004079c5                prv_deleteTransactionList
 .text.lwm2m_close
                0x0000000000407a02       0x58 build/liblwm2m.o
                0x0000000000407a02                lwm2m_close
 .text.lwm2m_configure
                0x0000000000407a5a      0x188 build/liblwm2m.o
                0x0000000000407a5a                lwm2m_configure
 .text.lwm2m_reconnect
                0x0000000000407be2       0x5b build/liblwm2m.o
                0x0000000000407be2                lwm2m_reconnect
 .text.lwm2m_bootstrap_sequence_factory_to_server_initiated
                0x0000000000407c3d        0xb build/liblwm2m.o
                0x0000000000407c3d                lwm2m_bootstrap_sequence_factory_to_server_initiated
 .text.lwm2m_bootstrap_sequence_server_to_client_initiated
                0x0000000000407c48        0xb build/liblwm2m.o
                0x0000000000407c48                lwm2m_bootstrap_sequence_server_to_client_initiated
 .text.lwm2m_bootstrap_process_reg_failed
                0x0000000000407c53      0x126 build/liblwm2m.o
 .text.lwm2m_step
                0x0000000000407d79      0x183 build/liblwm2m.o
                0x0000000000407d79                lwm2m_step
 .text.prv_tagAllServer
                0x0000000000407efc       0x2b build/bootstrap.o
 .text.prv_requestBootstrap
                0x0000000000407f27      0x132 build/bootstrap.o
 .text.prv_handleResponse
                0x0000000000408059       0x3c build/bootstrap.o
 .text.prv_handleBootstrapReply
                0x0000000000408095       0x2e build/bootstrap.o
 .text.prv_checkServerStatus
                0x00000000004080c3       0x6c build/bootstrap.o
 .text.prv_tagServer
                0x000000000040812f       0x37 build/bootstrap.o
 .text.bootstrap_step
                0x0000000000408166      0x1c2 build/bootstrap.o
                0x0000000000408166                bootstrap_step
 .text.bootstrap_handleFinish
                0x0000000000408328       0x55 build/bootstrap.o
                0x0000000000408328                bootstrap_handleFinish
 .text.bootstrap_start
                0x000000000040837d       0x42 build/bootstrap.o
                0x000000000040837d                bootstrap_start
 .text.bootstrap_getStatus
                0x00000000004083bf       0x43 build/bootstrap.o
                0x00000000004083bf                bootstrap_getStatus
 .text.bootstrap_handleCommand
                0x0000000000408402      0x28e build/bootstrap.o
                0x0000000000408402                bootstrap_handleCommand
 .text.bootstrap_handleDeleteAll
                0x0000000000408690       0xe0 build/bootstrap.o
                0x0000000000408690                bootstrap_handleDeleteAll
 .text.prv_parseNumber
                0x0000000000408770       0x68 build/uri.o
 .text.uri_getNumber
                0x00000000004087d8       0x1c build/uri.o
                0x00000000004087d8                uri_getNumber
 .text.uri_decode
                0x00000000004087f4      0x202 build/uri.o
                0x00000000004087f4                uri_decode
 .text.lwm2m_stringToUri
                0x00000000004089f6      0x18a build/uri.o
                0x00000000004089f6                lwm2m_stringToUri
 .text.uri_toString
                0x0000000000408b80      0x130 build/uri.o
                0x0000000000408b80                uri_toString
 .text.coap_block1_handler
                0x0000000000408cb0      0x16e build/block1.o
                0x0000000000408cb0                coap_block1_handler
 .text.free_block1_buffer
                0x0000000000408e1e       0x24 build/block1.o
                0x0000000000408e1e                free_block1_buffer
 .text.prv_checkFinished
                0x0000000000408e42       0x9d build/transaction.o
 .text.transaction_new
                0x0000000000408edf      0x234 build/transaction.o
                0x0000000000408edf                transaction_new
 .text.transaction_free
                0x0000000000409113       0x33 build/transaction.o
                0x0000000000409113                transaction_free
 .text.transaction_remove
                0x0000000000409146       0x31 build/transaction.o
                0x0000000000409146                transaction_remove
 .text.transaction_handleResponse
                0x0000000000409177      0x154 build/transaction.o
                0x0000000000409177                transaction_handleResponse
 .text.transaction_send
                0x00000000004092cb      0x19b build/transaction.o
                0x00000000004092cb                transaction_send
 .text.transaction_step
                0x0000000000409466       0x6e build/transaction.o
                0x0000000000409466                transaction_step
 .text.prv_setBuffer
                0x00000000004094d4       0x41 build/data.o
 .text.prv_textSerialize
                0x0000000000409515      0x208 build/data.o
 .text.lwm2m_data_new
                0x000000000040971d       0x4b build/data.o
                0x000000000040971d                lwm2m_data_new
 .text.lwm2m_data_free
                0x0000000000409768       0x78 build/data.o
                0x0000000000409768                lwm2m_data_free
 .text.lwm2m_data_encode_string
                0x00000000004097e0       0x5d build/data.o
                0x00000000004097e0                lwm2m_data_encode_string
 .text.lwm2m_data_encode_opaque
                0x000000000040983d       0x43 build/data.o
                0x000000000040983d                lwm2m_data_encode_opaque
 .text.lwm2m_data_encode_int
                0x0000000000409880        0xb build/data.o
                0x0000000000409880                lwm2m_data_encode_int
 .text.lwm2m_data_decode_int
                0x000000000040988b       0xdd build/data.o
                0x000000000040988b                lwm2m_data_decode_int
 .text.lwm2m_data_decode_float
                0x0000000000409968       0xb5 build/data.o
                0x0000000000409968                lwm2m_data_decode_float
 .text.lwm2m_data_encode_bool
                0x0000000000409a1d        0xb build/data.o
                0x0000000000409a1d                lwm2m_data_encode_bool
 .text.lwm2m_data_decode_bool
                0x0000000000409a28       0x91 build/data.o
                0x0000000000409a28                lwm2m_data_decode_bool
 .text.lwm2m_data_include
                0x0000000000409ab9       0x39 build/data.o
                0x0000000000409ab9                lwm2m_data_include
 .text.lwm2m_data_encode_instances
                0x0000000000409af2       0x11 build/data.o
                0x0000000000409af2                lwm2m_data_encode_instances
 .text.lwm2m_data_parse
                0x0000000000409b03      0x130 build/data.o
                0x0000000000409b03                lwm2m_data_parse
 .text.lwm2m_data_serialize
                0x0000000000409c33      0x14d build/data.o
                0x0000000000409c33                lwm2m_data_serialize
 .text.prv_encodeBlock
                0x0000000000409d80       0x67 build/utils.o
 .text.utils_textToInt
                0x0000000000409de7       0xa5 build/utils.o
                0x0000000000409de7                utils_textToInt
 .text.utils_textToFloat
                0x0000000000409e8c      0x10c build/utils.o
                0x0000000000409e8c                utils_textToFloat
 .text.utils_intToText
                0x0000000000409f98       0xc4 build/utils.o
                0x0000000000409f98                utils_intToText
 .text.utils_floatToText
                0x000000000040a05c      0x17a build/utils.o
                0x000000000040a05c                utils_floatToText
 .text.utils_stringToBinding
                0x000000000040a1d6       0xa4 build/utils.o
                0x000000000040a1d6                utils_stringToBinding
 .text.utils_convertMediaType
                0x000000000040a27a       0x61 build/utils.o
                0x000000000040a27a                utils_convertMediaType
 .text.utils_findServer
                0x000000000040a2db       0x34 build/utils.o
                0x000000000040a2db                utils_findServer
 .text.utils_findBootstrapServer
                0x000000000040a30f       0x34 build/utils.o
                0x000000000040a30f                utils_findBootstrapServer
 .text.utils_isAltPathValid
                0x000000000040a343       0x75 build/utils.o
                0x000000000040a343                utils_isAltPathValid
 .text.utils_stringCopy
                0x000000000040a3b8       0x2b build/utils.o
                0x000000000040a3b8                utils_stringCopy
 .text.utils_copyValue
                0x000000000040a3e3       0x20 build/utils.o
                0x000000000040a3e3                utils_copyValue
 .text.utils_base64GetSize
                0x000000000040a403       0x2a build/utils.o
                0x000000000040a403                utils_base64GetSize
 .text.utils_base64Encode
                0x000000000040a42d      0x13f build/utils.o
                0x000000000040a42d                utils_base64Encode
 .text.output_buffer
                0x000000000040a56c        0x2 build/commandline.o
                0x000000000040a56c                output_buffer
 .text.atiny_gettime_ms
                0x000000000040a56e       0x42 build/atiny_adapter.o
                0x000000000040a56e                atiny_gettime_ms
 .text.atiny_malloc
                0x000000000040a5b0        0xe build/atiny_adapter.o
                0x000000000040a5b0                atiny_malloc
 .text.atiny_free
                0x000000000040a5be        0xe build/atiny_adapter.o
                0x000000000040a5be                atiny_free
 .text.atiny_snprintf
                0x000000000040a5cc       0x9b build/atiny_adapter.o
                0x000000000040a5cc                atiny_snprintf
 .text.atiny_printf
                0x000000000040a667       0xfb build/atiny_adapter.o
                0x000000000040a667                atiny_printf
 .text.atiny_mutex_create
                0x000000000040a762       0x37 build/atiny_adapter.o
                0x000000000040a762                atiny_mutex_create
 .text.atiny_mutex_destroy
                0x000000000040a799       0x19 build/atiny_adapter.o
                0x000000000040a799                atiny_mutex_destroy
 .text.atiny_mutex_lock
                0x000000000040a7b2       0x14 build/atiny_adapter.o
                0x000000000040a7b2                atiny_mutex_lock
 .text.atiny_mutex_unlock
                0x000000000040a7c6       0x14 build/atiny_adapter.o
                0x000000000040a7c6                atiny_mutex_unlock
 .text.atiny_random
                0x000000000040a7da       0x3d build/atiny_adapter.o
                0x000000000040a7da                atiny_random
 .text.atiny_reboot
                0x000000000040a817        0x2 build/atiny_adapter.o
                0x000000000040a817                atiny_reboot
 .text.atiny_net_connect
                0x000000000040a819      0x26f build/atiny_socket.o
                0x000000000040a819                atiny_net_connect
 .text.atiny_net_recv
                0x000000000040aa88       0x8d build/atiny_socket.o
                0x000000000040aa88                atiny_net_recv
 .text.atiny_net_recv_timeout
                0x000000000040ab15      0x145 build/atiny_socket.o
                0x000000000040ab15                atiny_net_recv_timeout
 .text.atiny_net_send
                0x000000000040ac5a       0x7b build/atiny_socket.o
                0x000000000040ac5a                atiny_net_send
 .text.atiny_net_close
                0x000000000040acd5       0x19 build/atiny_socket.o
                0x000000000040acd5                atiny_net_close
 .text.prv_check_time_offset
                0x000000000040acee       0xc9 build/object_device.o
 .text.prv_device_execute
                0x000000000040adb7       0x94 build/object_device.o
 .text.prv_device_write
                0x000000000040ae4b      0x122 build/object_device.o
 .text.prv_device_discover
                0x000000000040af6d      0x12d build/object_device.o
 .text.prv_set_value
                0x000000000040b09a      0x462 build/object_device.o
 .text.prv_device_read
                0x000000000040b4fc      0x108 build/object_device.o
 .text.get_object_device
                0x000000000040b604       0xa2 build/object_device.o
                0x000000000040b604                get_object_device
 .text.free_object_device
                0x000000000040b6a6       0x3a build/object_device.o
                0x000000000040b6a6                free_object_device
 .text.connection_create
                0x000000000040b6e0      0x342 build/connection.o
                0x000000000040b6e0                connection_create
 .text.connection_free
                0x000000000040ba22       0x18 build/connection.o
                0x000000000040ba22                connection_free
 .text.lwm2m_connect_server
                0x000000000040ba3a      0x12d build/connection.o
                0x000000000040ba3a                lwm2m_connect_server
 .text.lwm2m_close_connection
                0x000000000040bb67       0x50 build/connection.o
                0x000000000040bb67                lwm2m_close_connection
 .text.lwm2m_buffer_recv
                0x000000000040bbb7       0x71 build/connection.o
                0x000000000040bbb7                lwm2m_buffer_recv
 .text.lwm2m_buffer_send
                0x000000000040bc28      0x121 build/connection.o
                0x000000000040bc28                lwm2m_buffer_send
 .text.lwm2m_session_is_equal
                0x000000000040bd49        0x7 build/connection.o
                0x000000000040bd49                lwm2m_session_is_equal
 .text.lwm2m_register_connection_err_notify
                0x000000000040bd50        0x8 build/connection.o
                0x000000000040bd50                lwm2m_register_connection_err_notify
 .text.prv_security_delete
                0x000000000040bd58       0x51 build/object_security.o
 .text.prv_get_value
                0x000000000040bda9      0x137 build/object_security.o
 .text.prv_security_read
                0x000000000040bee0      0x118 build/object_security.o
 .text.prv_security_write
                0x000000000040bff8      0x355 build/object_security.o
 .text.prv_security_create
                0x000000000040c34d       0xa5 build/object_security.o
 .text.clean_security_object
                0x000000000040c3f2       0x5d build/object_security.o
                0x000000000040c3f2                clean_security_object
 .text.get_security_object
                0x000000000040c44f      0x320 build/object_security.o
                0x000000000040c44f                get_security_object
 .text.prv_server_execute
                0x000000000040c76f       0x49 build/object_server.o
 .text.prv_server_delete
                0x000000000040c7b8       0x3e build/object_server.o
 .text.prv_set_int_value
                0x000000000040c7f6       0x41 build/object_server.o
 .text.prv_server_discover
                0x000000000040c837       0xe6 build/object_server.o
 .text.prv_get_value
                0x000000000040c91d       0x9f build/object_server.o
 .text.prv_server_read
                0x000000000040c9bc       0xea build/object_server.o
 .text.prv_server_check_binding_valid
                0x000000000040caa6      0x11e build/object_server.o
                0x000000000040caa6                prv_server_check_binding_valid
 .text.prv_server_write
                0x000000000040cbc4      0x1b2 build/object_server.o
 .text.prv_server_create
                0x000000000040cd76       0x9d build/object_server.o
 .text.get_server_object
                0x000000000040ce13      0x16c build/object_server.o
                0x000000000040ce13                get_server_object
 .text.clean_server_object
                0x000000000040cf7f       0x2a build/object_server.o
                0x000000000040cf7f                clean_server_object
 .text.atiny_get_log_level
                0x000000000040cfa9        0x7 build/atiny_log.o
                0x000000000040cfa9                atiny_get_log_level
 .text.atiny_get_log_level_name
                0x000000000040cfb0       0x16 build/atiny_log.o
                0x000000000040cfb0                atiny_get_log_level_name
 .text.prv_destroy_data_buf
                0x000000000040cfc6       0x61 build/object_binary_app_data_container.o
 .text.prv_delete
                0x000000000040d027       0x68 build/object_binary_app_data_container.o
 .text.free_binary_app_data_object_rpt
                0x000000000040d08f       0x43 build/object_binary_app_data_container.o
 .text.prv_output_buffer
                0x000000000040d0d2      0x159 build/object_binary_app_data_container.o
 .text.prv_exec
                0x000000000040d22b      0x111 build/object_binary_app_data_container.o
 .text.prv_write
                0x000000000040d33c       0x6c build/object_binary_app_data_container.o
 .text.prv_discover
                0x000000000040d3a8       0x94 build/object_binary_app_data_container.o
 .text.prv_read_data
                0x000000000040d43c      0x1cc build/object_binary_app_data_container.o
 .text.prv_read
                0x000000000040d608      0x156 build/object_binary_app_data_container.o
 .text.prv_create
                0x000000000040d75e      0x12b build/object_binary_app_data_container.o
 .text.free_binary_app_data_object
                0x000000000040d889       0x32 build/object_binary_app_data_container.o
                0x000000000040d889                free_binary_app_data_object
 .text.get_binary_app_data_object
                0x000000000040d8bb      0x1aa build/object_binary_app_data_container.o
                0x000000000040d8bb                get_binary_app_data_object
 .text.set_binary_app_data_object_rpt_max_cnt
                0x000000000040da65       0x34 build/object_binary_app_data_container.o
                0x000000000040da65                set_binary_app_data_object_rpt_max_cnt
 .text.atiny_check_bootstrap_init_param
                0x000000000040da99       0x6a build/agenttiny.o
 .text.observe_handle_ack
                0x000000000040db03       0x47 build/agenttiny.o
                0x000000000040db03                observe_handle_ack
 .text.atiny_event_handle
                0x000000000040db4a       0xc7 build/agenttiny.o
                0x000000000040db4a                atiny_event_handle
 .text.atiny_handle_reconnect
                0x000000000040dc11       0x5d build/agenttiny.o
 .text.lwm2m_poll
                0x000000000040dc6e       0xb9 build/agenttiny.o
 .text.atiny_init
                0x000000000040dd27      0x1f0 build/agenttiny.o
                0x000000000040dd27                atiny_init
 .text.atiny_set_bootstrap_sequence_state
                0x000000000040df17       0x5b build/agenttiny.o
                0x000000000040df17                atiny_set_bootstrap_sequence_state
 .text.atiny_init_objects
                0x000000000040df72      0x3b2 build/agenttiny.o
                0x000000000040df72                atiny_init_objects
 .text.atiny_destroy
                0x000000000040e324       0xb6 build/agenttiny.o
                0x000000000040e324                atiny_destroy
 .text.reboot_check
                0x000000000040e3da       0x27 build/agenttiny.o
                0x000000000040e3da                reboot_check
 .text.atiny_bind
                0x000000000040e401      0x29d build/agenttiny.o
                0x000000000040e401                atiny_bind
 .text.atiny_data_report
                0x000000000040e69e      0x188 build/agenttiny.o
                0x000000000040e69e                atiny_data_report
 .text.atiny_data_change
                0x000000000040e826      0x119 build/agenttiny.o
                0x000000000040e826                atiny_data_change
 .text.atiny_reconnect
                0x000000000040e93f       0x5f build/agenttiny.o
                0x000000000040e93f                atiny_reconnect
 .text.atiny_connection_err_notify
                0x000000000040e99e       0xb4 build/agenttiny.o
 .text.atiny_is_uri_equal
                0x000000000040ea52       0x66 build/atiny_rpt.o
 .text.atiny_find_rpt_list
                0x000000000040eab8       0x43 build/atiny_rpt.o
 .text.atiny_visit_list
                0x000000000040eafb       0x3a build/atiny_rpt.o
 .text.atiny_clear_rpt_list_node_data
                0x000000000040eb35       0x2f build/atiny_rpt.o
 .text.atiny_free_list
                0x000000000040eb64       0x6a build/atiny_rpt.o
 .text.atiny_clear_rpt_list
                0x000000000040ebce       0x1a build/atiny_rpt.o
 .text.atiny_notify_stack_rpt_data_change
                0x000000000040ebe8       0xa9 build/atiny_rpt.o
 .text.atiny_init_rpt
                0x000000000040ec91       0x78 build/atiny_rpt.o
                0x000000000040ec91                atiny_init_rpt
 .text.atiny_add_rpt_uri
                0x000000000040ed09      0x279 build/atiny_rpt.o
                0x000000000040ed09                atiny_add_rpt_uri
 .text.atiny_rm_rpt_uri
                0x000000000040ef82      0x148 build/atiny_rpt.o
                0x000000000040ef82                atiny_rm_rpt_uri
 .text.atiny_dequeue_rpt_data
                0x000000000040f0ca      0x13e build/atiny_rpt.o
                0x000000000040f0ca                atiny_dequeue_rpt_data
 .text.atiny_queue_rpt_data
                0x000000000040f208      0x28b build/atiny_rpt.o
                0x000000000040f208                atiny_queue_rpt_data
 .text.atiny_clear_rpt_data
                0x000000000040f493      0x122 build/atiny_rpt.o
                0x000000000040f493                atiny_clear_rpt_data
 .text.atiny_step_rpt
                0x000000000040f5b5       0x35 build/atiny_rpt.o
                0x000000000040f5b5                atiny_step_rpt
 .text.atiny_destroy_rpt
                0x000000000040f5ea       0x34 build/atiny_rpt.o
                0x000000000040f5ea                atiny_destroy_rpt
 .text.atiny_set_max_rpt_cnt
                0x000000000040f61e       0xb0 build/atiny_rpt.o
                0x000000000040f61e                atiny_set_max_rpt_cnt
 .text.prv_get_acc_instance
                0x000000000040f6ce       0x20 build/object_access_control.o
 .text.prv_post_action_check
                0x000000000040f6ee       0x40 build/object_access_control.o
 .text.prv_get_srv_cnt
                0x000000000040f72e       0x1a build/object_access_control.o
 .text.prv_acc_self_auth_check
                0x000000000040f748       0x4e build/object_access_control.o
 .text.prv_get_acl_instance
                0x000000000040f796       0x20 build/object_access_control.o
 .text.prv_check_instance_auth
                0x000000000040f7b6       0x56 build/object_access_control.o
 .text.prv_pre_auth_check
                0x000000000040f80c       0x83 build/object_access_control.o
 .text.acc_auth_operate
                0x000000000040f88f       0x88 build/object_access_control.o
                0x000000000040f88f                acc_auth_operate
 .text.get_object_firmware
                0x000000000040f917        0x6 build/object_firmware.o
                0x000000000040f917                get_object_firmware
 .text.free_object_firmware
                0x000000000040f91d        0x2 build/object_firmware.o
                0x000000000040f91d                free_object_firmware
 .text.prv_set_value
                0x000000000040f91f      0x2b8 build/object_connectivity_moni.o
 .text.prv_read
                0x000000000040fbd7       0xfe build/object_connectivity_moni.o
 .text.get_object_conn_m
                0x000000000040fcd5      0x168 build/object_connectivity_moni.o
                0x000000000040fcd5                get_object_conn_m
 .text.free_object_conn_m
                0x000000000040fe3d       0x20 build/object_connectivity_moni.o
                0x000000000040fe3d                free_object_conn_m
 .text.lwm2m_malloc
                0x000000000040fe5d        0xe build/platform_adapter.o
                0x000000000040fe5d                lwm2m_malloc
 .text.lwm2m_free
                0x000000000040fe6b       0x14 build/platform_adapter.o
                0x000000000040fe6b                lwm2m_free
 .text.lwm2m_strdup
                0x000000000040fe7f       0x45 build/platform_adapter.o
                0x000000000040fe7f                lwm2m_strdup
 .text.lwm2m_strncmp
                0x000000000040fec4        0xe build/platform_adapter.o
                0x000000000040fec4                lwm2m_strncmp
 .text.lwm2m_gettime
                0x000000000040fed2       0x25 build/platform_adapter.o
                0x000000000040fed2                lwm2m_gettime
 .text.lwm2m_rand
                0x000000000040fef7        0xe build/platform_adapter.o
                0x000000000040fef7                lwm2m_rand
 .text.atiny_get_manufacturer
                0x000000000040ff05       0x1d build/agent_tiny_cmd_ioctl.o
                0x000000000040ff05                atiny_get_manufacturer
 .text.atiny_get_model_number
                0x000000000040ff22       0x1d build/agent_tiny_cmd_ioctl.o
                0x000000000040ff22                atiny_get_model_number
 .text.atiny_get_serial_number
                0x000000000040ff3f       0x1d build/agent_tiny_cmd_ioctl.o
                0x000000000040ff3f                atiny_get_serial_number
 .text.atiny_get_firmware_ver
                0x000000000040ff5c       0x1d build/agent_tiny_cmd_ioctl.o
                0x000000000040ff5c                atiny_get_firmware_ver
 .text.atiny_do_dev_reboot
                0x000000000040ff79       0x22 build/agent_tiny_cmd_ioctl.o
                0x000000000040ff79                atiny_do_dev_reboot
 .text.atiny_do_factory_reset
                0x000000000040ff9b       0x1d build/agent_tiny_cmd_ioctl.o
                0x000000000040ff9b                atiny_do_factory_reset
 .text.atiny_get_power_source
                0x000000000040ffb8        0xc build/agent_tiny_cmd_ioctl.o
                0x000000000040ffb8                atiny_get_power_source
 .text.atiny_get_source_voltage
                0x000000000040ffc4        0xc build/agent_tiny_cmd_ioctl.o
                0x000000000040ffc4                atiny_get_source_voltage
 .text.atiny_get_power_current
                0x000000000040ffd0        0xc build/agent_tiny_cmd_ioctl.o
                0x000000000040ffd0                atiny_get_power_current
 .text.atiny_get_baterry_level
                0x000000000040ffdc        0xc build/agent_tiny_cmd_ioctl.o
                0x000000000040ffdc                atiny_get_baterry_level
 .text.atiny_get_memory_free
                0x000000000040ffe8       0x4c build/agent_tiny_cmd_ioctl.o
                0x000000000040ffe8                atiny_get_memory_free
 .text.atiny_get_dev_err
                0x0000000000410034        0xe build/agent_tiny_cmd_ioctl.o
                0x0000000000410034                atiny_get_dev_err
 .text.atiny_do_reset_dev_err
                0x0000000000410042       0x10 build/agent_tiny_cmd_ioctl.o
                0x0000000000410042                atiny_do_reset_dev_err
 .text.atiny_get_current_time
                0x0000000000410052       0x35 build/agent_tiny_cmd_ioctl.o
                0x0000000000410052                atiny_get_current_time
 .text.atiny_set_current_time
                0x0000000000410087       0x35 build/agent_tiny_cmd_ioctl.o
                0x0000000000410087                atiny_set_current_time
 .text.atiny_get_UTC_offset
                0x00000000004100bc       0x1d build/agent_tiny_cmd_ioctl.o
                0x00000000004100bc                atiny_get_UTC_offset
 .text.atiny_set_UTC_offset
                0x00000000004100d9       0x23 build/agent_tiny_cmd_ioctl.o
                0x00000000004100d9                atiny_set_UTC_offset
 .text.atiny_get_timezone
                0x00000000004100fc       0x1d build/agent_tiny_cmd_ioctl.o
                0x00000000004100fc                atiny_get_timezone
 .text.atiny_set_timezone
                0x0000000000410119       0x23 build/agent_tiny_cmd_ioctl.o
                0x0000000000410119                atiny_set_timezone
 .text.atiny_get_bind_mode
                0x000000000041013c       0x3a build/agent_tiny_cmd_ioctl.o
                0x000000000041013c                atiny_get_bind_mode
 .text.atiny_get_firmware_state
                0x0000000000410176        0xc build/agent_tiny_cmd_ioctl.o
                0x0000000000410176                atiny_get_firmware_state
 .text.atiny_get_network_bearer
                0x0000000000410182        0xc build/agent_tiny_cmd_ioctl.o
                0x0000000000410182                atiny_get_network_bearer
 .text.atiny_get_signal_strength
                0x000000000041018e        0xc build/agent_tiny_cmd_ioctl.o
                0x000000000041018e                atiny_get_signal_strength
 .text.atiny_get_cell_id
                0x000000000041019a        0xd build/agent_tiny_cmd_ioctl.o
                0x000000000041019a                atiny_get_cell_id
 .text.atiny_get_link_quality
                0x00000000004101a7        0xc build/agent_tiny_cmd_ioctl.o
                0x00000000004101a7                atiny_get_link_quality
 .text.atiny_get_link_utilization
                0x00000000004101b3        0xc build/agent_tiny_cmd_ioctl.o
                0x00000000004101b3                atiny_get_link_utilization
 .text.atiny_write_app_write
                0x00000000004101bf      0x105 build/agent_tiny_cmd_ioctl.o
                0x00000000004101bf                atiny_write_app_write
 .text.atiny_update_psk
                0x00000000004102c4       0x1d build/agent_tiny_cmd_ioctl.o
                0x00000000004102c4                atiny_update_psk
 .text.atiny_get_latitude
                0x00000000004102e1        0xc build/agent_tiny_cmd_ioctl.o
                0x00000000004102e1                atiny_get_latitude
 .text.atiny_get_longitude
                0x00000000004102ed        0xc build/agent_tiny_cmd_ioctl.o
                0x00000000004102ed                atiny_get_longitude
 .text.atiny_get_altitude
                0x00000000004102f9        0xc build/agent_tiny_cmd_ioctl.o
                0x00000000004102f9                atiny_get_altitude
 .text.atiny_get_radius
                0x0000000000410305        0xc build/agent_tiny_cmd_ioctl.o
                0x0000000000410305                atiny_get_radius
 .text.atiny_get_speed
                0x0000000000410311        0xc build/agent_tiny_cmd_ioctl.o
                0x0000000000410311                atiny_get_speed
 .text.atiny_get_timestamp
                0x000000000041031d       0x2f build/agent_tiny_cmd_ioctl.o
                0x000000000041031d                atiny_get_timestamp
 .text.location_get_velocity
                0x000000000041034c       0x37 build/agent_tiny_cmd_ioctl.o
                0x000000000041034c                location_get_velocity
 .text.atiny_get_velocity
                0x0000000000410383       0x1a build/agent_tiny_cmd_ioctl.o
                0x0000000000410383                atiny_get_velocity
 .text.atiny_cmd_ioctl
                0x000000000041039d      0x167 build/agent_tiny_cmd_ioctl.o
                0x000000000041039d                atiny_cmd_ioctl
 .text.atiny_event_notify
                0x0000000000410504       0x1a build/agent_tiny_cmd_ioctl.o
                0x0000000000410504                atiny_event_notify
 .text.ack_callback
                0x000000000041051e        0x2 build/agent_tiny_demo.o
                0x000000000041051e                ack_callback
 .text.app_data_report
                0x0000000000410520       0x78 build/agent_tiny_demo.o
                0x0000000000410520                app_data_report
 .text.agent_tiny_entry
                0x0000000000410598       0xc5 build/agent_tiny_demo.o
                0x0000000000410598                agent_tiny_entry
 .text.main     0x000000000041065d       0x38 build/main.o
                0x000000000041065d                main
 *fill*         0x0000000000410695        0xb 
 .text          0x00000000004106a0       0x72 /usr/lib/x86_64-linux-gnu/libc_nonshared.a(elf-init.oS)
                0x00000000004106a0                __libc_csu_init
                0x0000000000410710                __libc_csu_fini
 *(.gnu.warning)

.fini           0x0000000000410714        0x9
 *(SORT(.fini))
 .fini          0x0000000000410714        0x4 /usr/lib/gcc/x86_64-linux-gnu/5/../../../x86_64-linux-gnu/crti.o
                0x0000000000410714                _fini
 .fini          0x0000000000410718        0x5 /usr/lib/gcc/x86_64-linux-gnu/5/../../../x86_64-linux-gnu/crtn.o
                [!provide]                        PROVIDE (__etext, .)
                [!provide]                        PROVIDE (_etext, .)
                [!provide]                        PROVIDE (etext, .)

.rodata         0x0000000000410720     0x1b1a
 *(.rodata .rodata.* .gnu.linkonce.r.*)
 .rodata.str1.1
                0x0000000000410720       0x33 build/er-coap-13.o
                                         0x34 (size before relaxing)
 *fill*         0x0000000000410753        0x5 
 .rodata.str1.8
                0x0000000000410758       0x27 build/er-coap-13.o
 *fill*         0x000000000041077f        0x1 
 .rodata.coap_parse_message
                0x0000000000410780      0x120 build/er-coap-13.o
 .rodata.str1.1
                0x00000000004108a0       0x10 build/packet.o
 .rodata.str1.1
                0x00000000004108b0       0x1b build/management.o
                                         0x1f (size before relaxing)
 *fill*         0x00000000004108cb        0x5 
 .rodata.cst8   0x00000000004108d0        0x8 build/observe.o
 .rodata.str1.1
                0x00000000004108d8       0x17 build/objects.o
                                         0x19 (size before relaxing)
 *fill*         0x00000000004108ef        0x1 
 .rodata.prv_getHeaderType
                0x00000000004108f0       0x50 build/tlv.o
 .rodata.prv_getLength
                0x0000000000410940       0x50 build/tlv.o
 .rodata.tlv_serialize
                0x0000000000410990       0x50 build/tlv.o
 .rodata.cst8   0x00000000004109e0       0x10 build/tlv.o
 .rodata.prv_getRegistrationQueryLength
                0x00000000004109f0       0x38 build/registration.o
 .rodata.str1.1
                0x0000000000410a28       0x41 build/registration.o
 *fill*         0x0000000000410a69        0x7 
 .rodata.prv_getRegistrationQuery
                0x0000000000410a70       0x38 build/registration.o
 .rodata.cst8   0x0000000000410aa8        0x8 build/registration.o
 .rodata.lwm2m_step
                0x0000000000410ab0       0x30 build/liblwm2m.o
 .rodata.str1.1
                0x0000000000410ae0        0x9 build/bootstrap.o
 *fill*         0x0000000000410ae9        0x7 
 .rodata.bootstrap_step
                0x0000000000410af0       0x70 build/bootstrap.o
 .rodata.cst8   0x0000000000410b60        0x8 build/bootstrap.o
 .rodata.str1.1
                0x0000000000410b68        0x9 build/uri.o
                                          0x6 (size before relaxing)
 .rodata.prv_textSerialize
                0x0000000000410b68       0x30 build/data.o
 *fill*         0x0000000000410b98        0x8 
 .rodata.b64Alphabet
                0x0000000000410ba0       0x40 build/utils.o
 .rodata.cst8   0x0000000000410be0       0x48 build/utils.o
 .rodata.str1.1
                0x0000000000410c28        0x9 build/atiny_adapter.o
                                          0x3 (size before relaxing)
 .rodata.str1.8
                0x0000000000410c28      0x2e8 build/atiny_socket.o
 .rodata.__FUNCTION__.4775
                0x0000000000410f10        0xf build/atiny_socket.o
 *fill*         0x0000000000410f1f        0x1 
 .rodata.__FUNCTION__.4763
                0x0000000000410f20       0x17 build/atiny_socket.o
 *fill*         0x0000000000410f37        0x1 
 .rodata.__FUNCTION__.4752
                0x0000000000410f38        0xf build/atiny_socket.o
 *fill*         0x0000000000410f47        0x9 
 .rodata.__FUNCTION__.4740
                0x0000000000410f50       0x12 build/atiny_socket.o
 *fill*         0x0000000000410f62        0x6 
 .rodata.prv_set_value
                0x0000000000410f68       0x88 build/object_device.o
 .rodata.str1.1
                0x0000000000410ff0       0x38 build/connection.o
 .rodata.str1.8
                0x0000000000411028      0x26b build/connection.o
 *fill*         0x0000000000411293        0xd 
 .rodata.__FUNCTION__.5295
                0x00000000004112a0       0x12 build/connection.o
 *fill*         0x00000000004112b2        0xe 
 .rodata.__FUNCTION__.5267
                0x00000000004112c0       0x15 build/connection.o
 *fill*         0x00000000004112d5        0xb 
 .rodata.__FUNCTION__.5236
                0x00000000004112e0       0x12 build/connection.o
 *fill*         0x00000000004112f2        0x6 
 .rodata.prv_get_value
                0x00000000004112f8       0x68 build/object_security.o
 .rodata.prv_security_write
                0x0000000000411360       0x68 build/object_security.o
 .rodata.str1.1
                0x00000000004113c8       0x1b build/object_security.o
 *fill*         0x00000000004113e3        0x5 
 .rodata.prv_get_value
                0x00000000004113e8       0x48 build/object_server.o
 .rodata.str1.1
                0x0000000000411430       0x1b build/object_server.o
                                         0x11 (size before relaxing)
 .rodata.prv_server_write
                0x0000000000411430       0x48 build/object_server.o
 .rodata.str1.1
                0x0000000000411478       0x24 build/atiny_log.o
 *fill*         0x000000000041149c        0x4 
 .rodata.g_log_names
                0x00000000004114a0       0x28 build/atiny_log.o
 .rodata.str1.1
                0x00000000004114c8       0x45 build/object_binary_app_data_container.o
                                         0x48 (size before relaxing)
 *fill*         0x000000000041150d        0x3 
 .rodata.str1.8
                0x0000000000411510      0x17c build/object_binary_app_data_container.o
 *fill*         0x000000000041168c        0x4 
 .rodata.__FUNCTION__.5273
                0x0000000000411690        0xe build/object_binary_app_data_container.o
 *fill*         0x000000000041169e        0x2 
 .rodata.__FUNCTION__.5300
                0x00000000004116a0        0x9 build/object_binary_app_data_container.o
 *fill*         0x00000000004116a9        0x7 
 .rodata.__FUNCTION__.5355
                0x00000000004116b0        0x9 build/object_binary_app_data_container.o
 *fill*         0x00000000004116b9        0x7 
 .rodata.__FUNCTION__.5346
                0x00000000004116c0        0xb build/object_binary_app_data_container.o
 *fill*         0x00000000004116cb        0x5 
 .rodata.__FUNCTION__.5372
                0x00000000004116d0       0x1b build/object_binary_app_data_container.o
 *fill*         0x00000000004116eb        0x5 
 .rodata.str1.8
                0x00000000004116f0      0x3fe build/agenttiny.o
 .rodata.str1.1
                0x0000000000411aee       0x24 build/agenttiny.o
 *fill*         0x0000000000411b12        0xe 
 .rodata.__FUNCTION__.5390
                0x0000000000411b20       0x10 build/agenttiny.o
 .rodata.__FUNCTION__.5380
                0x0000000000411b30       0x12 build/agenttiny.o
 *fill*         0x0000000000411b42        0xe 
 .rodata.__FUNCTION__.5369
                0x0000000000411b50       0x12 build/agenttiny.o
 *fill*         0x0000000000411b62        0x6 
 .rodata.__FUNCTION__.5311
                0x0000000000411b68        0xb build/agenttiny.o
 *fill*         0x0000000000411b73        0xd 
 .rodata.__FUNCTION__.5345
                0x0000000000411b80       0x17 build/agenttiny.o
 *fill*         0x0000000000411b97        0x9 
 .rodata.__FUNCTION__.5341
                0x0000000000411ba0       0x1c build/agenttiny.o
 *fill*         0x0000000000411bbc        0x4 
 .rodata.__FUNCTION__.5353
                0x0000000000411bc0        0xb build/agenttiny.o
 *fill*         0x0000000000411bcb        0x5 
 .rodata.__FUNCTION__.5301
                0x0000000000411bd0       0x13 build/agenttiny.o
 *fill*         0x0000000000411be3        0x5 
 .rodata.__FUNCTION__.5281
                0x0000000000411be8        0xb build/agenttiny.o
 *fill*         0x0000000000411bf3        0x5 
 .rodata.str1.8
                0x0000000000411bf8      0x290 build/atiny_rpt.o
                                        0x2bc (size before relaxing)
 .rodata.str1.1
                0x0000000000411e88       0x1d build/atiny_rpt.o
 *fill*         0x0000000000411e88        0x8 
 .rodata.__FUNCTION__.4154
                0x0000000000411e90       0x16 build/atiny_rpt.o
 *fill*         0x0000000000411ea6       0x1a 
 .rodata.__FUNCTION__.4097
                0x0000000000411ec0       0x23 build/atiny_rpt.o
 *fill*         0x0000000000411ee3        0xd 
 .rodata.__FUNCTION__.4139
                0x0000000000411ef0       0x15 build/atiny_rpt.o
 *fill*         0x0000000000411f05        0xb 
 .rodata.__FUNCTION__.4130
                0x0000000000411f10       0x15 build/atiny_rpt.o
 *fill*         0x0000000000411f25        0xb 
 .rodata.__FUNCTION__.4122
                0x0000000000411f30       0x17 build/atiny_rpt.o
 *fill*         0x0000000000411f47        0x9 
 .rodata.__FUNCTION__.4114
                0x0000000000411f50       0x11 build/atiny_rpt.o
 *fill*         0x0000000000411f61        0xf 
 .rodata.__FUNCTION__.4108
                0x0000000000411f70       0x12 build/atiny_rpt.o
 *fill*         0x0000000000411f82        0x6 
 .rodata.__FUNCTION__.4101
                0x0000000000411f88        0xf build/atiny_rpt.o
 .rodata.str1.1
                0x0000000000411f97       0x10 build/object_connectivity_moni.o
 *fill*         0x0000000000411fa7        0x1 
 .rodata.prv_set_value
                0x0000000000411fa8       0x58 build/object_connectivity_moni.o
 .rodata.str1.1
                0x0000000000412000       0xf5 build/agent_tiny_cmd_ioctl.o
                                         0xf8 (size before relaxing)
 *fill*         0x00000000004120f5        0x3 